Archive member included to satisfy reference by file (symbol)

.\CortexM0\ARM_GCC_541\Debug\CyberPong.a(CyLib.o)
                              .\CortexM0\ARM_GCC_541\Debug\cyfitter_cfg.o (CyIntEnable)
.\CortexM0\ARM_GCC_541\Debug\CyberPong.a(CyLFClk.o)
                              .\CortexM0\ARM_GCC_541\Debug\cyfitter_cfg.o (CySysClkWcoStart)
.\CortexM0\ARM_GCC_541\Debug\CyberPong.a(UART.o)
                              .\CortexM0\ARM_GCC_541\Debug\main.o (UART_Start)
.\CortexM0\ARM_GCC_541\Debug\CyberPong.a(UART_SPI_UART.o)
                              .\CortexM0\ARM_GCC_541\Debug\main.o (UART_SpiUartWriteTxData)
.\CortexM0\ARM_GCC_541\Debug\CyberPong.a(UART_UART.o)
                              .\CortexM0\ARM_GCC_541\Debug\CyberPong.a(UART.o) (UART_UartInit)
.\CortexM0\ARM_GCC_541\Debug\CyberPong.a(Perioud_Counter.o)
                              .\CortexM0\ARM_GCC_541\Debug\main.o (Perioud_Counter_Start)
.\CortexM0\ARM_GCC_541\Debug\CyberPong.a(ISR_Per.o)
                              .\CortexM0\ARM_GCC_541\Debug\main.o (ISR_Per_StartEx)
.\CortexM0\ARM_GCC_541\Debug\CyberPong.a(FanController.o)
                              .\CortexM0\ARM_GCC_541\Debug\main.o (FanController_Start)
.\CortexM0\ARM_GCC_541\Debug\CyberPong.a(FanController_INT.o)
                              .\CortexM0\ARM_GCC_541\Debug\CyberPong.a(FanController.o) (FanController_DATA_SEND_ISR)
.\CortexM0\ARM_GCC_541\Debug\CyberPong.a(FanController_DataSend.o)
                              .\CortexM0\ARM_GCC_541\Debug\CyberPong.a(FanController.o) (FanController_DataSend_StartEx)
.\CortexM0\ARM_GCC_541\Debug\CyberPong.a(FanController_PID_ISR.o)
                              .\CortexM0\ARM_GCC_541\Debug\CyberPong.a(FanController.o) (FanController_PID_ISR_StartEx)
.\CortexM0\ARM_GCC_541\Debug\CyberPong.a(FanController_FW_PWM1.o)
                              .\CortexM0\ARM_GCC_541\Debug\CyberPong.a(FanController.o) (FanController_FW_PWM1_Stop)
.\CortexM0\ARM_GCC_541\Debug\CyberPong.a(CyBootAsmGnu.o)
                              .\CortexM0\ARM_GCC_541\Debug\cyfitter_cfg.o (CyDelayCycles)
c:/program files (x86)/cypress/psoc creator/4.4/psoc creator/import/gnu/arm/5.4.1/bin/../lib/gcc/arm-none-eabi/5.4.1/armv6-m\libgcc.a(_udivsi3.o)
                              .\CortexM0\ARM_GCC_541\Debug\CyberPong.a(CyLib.o) (__aeabi_uidiv)
c:/program files (x86)/cypress/psoc creator/4.4/psoc creator/import/gnu/arm/5.4.1/bin/../lib/gcc/arm-none-eabi/5.4.1/armv6-m\libgcc.a(_divsi3.o)
                              .\CortexM0\ARM_GCC_541\Debug\CyberPong.a(CyLFClk.o) (__aeabi_idiv)
c:/program files (x86)/cypress/psoc creator/4.4/psoc creator/import/gnu/arm/5.4.1/bin/../lib/gcc/arm-none-eabi/5.4.1/armv6-m\libgcc.a(_dvmd_tls.o)
                              c:/program files (x86)/cypress/psoc creator/4.4/psoc creator/import/gnu/arm/5.4.1/bin/../lib/gcc/arm-none-eabi/5.4.1/armv6-m\libgcc.a(_udivsi3.o) (__aeabi_idiv0)
c:/program files (x86)/cypress/psoc creator/4.4/psoc creator/import/gnu/arm/5.4.1/bin/../lib/gcc/arm-none-eabi/5.4.1/../../../../arm-none-eabi/lib/armv6-m\libg_nano.a(lib_a-errno.o)
                              .\CortexM0\ARM_GCC_541\Debug\Cm0Start.o (__errno)
c:/program files (x86)/cypress/psoc creator/4.4/psoc creator/import/gnu/arm/5.4.1/bin/../lib/gcc/arm-none-eabi/5.4.1/../../../../arm-none-eabi/lib/armv6-m\libg_nano.a(lib_a-exit.o)
                              c:/program files (x86)/cypress/psoc creator/4.4/psoc creator/import/gnu/arm/5.4.1/bin/../lib/gcc/arm-none-eabi/5.4.1/../../../../arm-none-eabi/lib/armv6-m/crt0.o (exit)
c:/program files (x86)/cypress/psoc creator/4.4/psoc creator/import/gnu/arm/5.4.1/bin/../lib/gcc/arm-none-eabi/5.4.1/../../../../arm-none-eabi/lib/armv6-m\libg_nano.a(lib_a-impure.o)
                              c:/program files (x86)/cypress/psoc creator/4.4/psoc creator/import/gnu/arm/5.4.1/bin/../lib/gcc/arm-none-eabi/5.4.1/../../../../arm-none-eabi/lib/armv6-m\libg_nano.a(lib_a-exit.o) (_global_impure_ptr)
c:/program files (x86)/cypress/psoc creator/4.4/psoc creator/import/gnu/arm/5.4.1/bin/../lib/gcc/arm-none-eabi/5.4.1/../../../../arm-none-eabi/lib/armv6-m\libg_nano.a(lib_a-init.o)
                              c:/program files (x86)/cypress/psoc creator/4.4/psoc creator/import/gnu/arm/5.4.1/bin/../lib/gcc/arm-none-eabi/5.4.1/../../../../arm-none-eabi/lib/armv6-m/crt0.o (__libc_init_array)
c:/program files (x86)/cypress/psoc creator/4.4/psoc creator/import/gnu/arm/5.4.1/bin/../lib/gcc/arm-none-eabi/5.4.1/../../../../arm-none-eabi/lib/armv6-m\libg_nano.a(lib_a-memcpy-stub.o)
                              .\CortexM0\ARM_GCC_541\Debug\cyfitter_cfg.o (memcpy)
c:/program files (x86)/cypress/psoc creator/4.4/psoc creator/import/gnu/arm/5.4.1/bin/../lib/gcc/arm-none-eabi/5.4.1/../../../../arm-none-eabi/lib/armv6-m\libg_nano.a(lib_a-memset.o)
[...]
Memory Configuration

Name             Origin             Length             Attributes
rom              0x00000000         0x00040000         xr
ram              0x20000000         0x00008000         xrw
*default*        0x00000000         0xffffffff

Linker script and memory map

LOAD c:/program files (x86)/cypress/psoc creator/4.4/psoc creator/import/gnu/arm/5.4.1/bin/../lib/gcc/arm-none-eabi/5.4.1/armv6-m/crti.o
LOAD c:/program files (x86)/cypress/psoc creator/4.4/psoc creator/import/gnu/arm/5.4.1/bin/../lib/gcc/arm-none-eabi/5.4.1/armv6-m/crtbegin.o
LOAD c:/program files (x86)/cypress/psoc creator/4.4/psoc creator/import/gnu/arm/5.4.1/bin/../lib/gcc/arm-none-eabi/5.4.1/../../../../arm-none-eabi/lib/armv6-m/crt0.o
START GROUP
LOAD .\CortexM0\ARM_GCC_541\Debug\main.o
LOAD .\CortexM0\ARM_GCC_541\Debug\cyfitter_cfg.o
LOAD .\CortexM0\ARM_GCC_541\Debug\cymetadata.o
LOAD .\CortexM0\ARM_GCC_541\Debug\Cm0Start.o
LOAD .\CortexM0\ARM_GCC_541\Debug\CyberPong.a
END GROUP
START GROUP
LOAD c:/program files (x86)/cypress/psoc creator/4.4/psoc creator/import/gnu/arm/5.4.1/bin/../lib/gcc/arm-none-eabi/5.4.1/armv6-m\libgcc.a
LOAD c:/program files (x86)/cypress/psoc creator/4.4/psoc creator/import/gnu/arm/5.4.1/bin/../lib/gcc/arm-none-eabi/5.4.1/../../../../arm-none-eabi/lib/armv6-m\libg_nano.a
LOAD c:/program files (x86)/cypress/psoc creator/4.4/psoc creator/import/gnu/arm/5.4.1/bin/../lib/gcc/arm-none-eabi/5.4.1/../../../../arm-none-eabi/lib/armv6-m\libc_nano.a
END GROUP
START GROUP
LOAD c:/program files (x86)/cypress/psoc creator/4.4/psoc creator/import/gnu/arm/5.4.1/bin/../lib/gcc/arm-none-eabi/5.4.1/armv6-m\libgcc.a
LOAD c:/program files (x86)/cypress/psoc creator/4.4/psoc creator/import/gnu/arm/5.4.1/bin/../lib/gcc/arm-none-eabi/5.4.1/../../../../arm-none-eabi/lib/armv6-m\libc_nano.a
END GROUP
LOAD c:/program files (x86)/cypress/psoc creator/4.4/psoc creator/import/gnu/arm/5.4.1/bin/../lib/gcc/arm-none-eabi/5.4.1/armv6-m/crtend.o
LOAD c:/program files (x86)/cypress/psoc creator/4.4/psoc creator/import/gnu/arm/5.4.1/bin/../lib/gcc/arm-none-eabi/5.4.1/armv6-m/crtn.o
START GROUP
LOAD c:/program files (x86)/cypress/psoc creator/4.4/psoc creator/import/gnu/arm/5.4.1/bin/../lib/gcc/arm-none-eabi/5.4.1/armv6-m\libgcc.a
LOAD c:/program files (x86)/cypress/psoc creator/4.4/psoc creator/import/gnu/arm/5.4.1/bin/../lib/gcc/arm-none-eabi/5.4.1/../../../../arm-none-eabi/lib/armv6-m\libc.a
LOAD c:/program files (x86)/cypress/psoc creator/4.4/psoc creator/import/gnu/arm/5.4.1/bin/../lib/gcc/arm-none-eabi/5.4.1/../../../../arm-none-eabi/lib/armv6-m\libnosys.a
END GROUP
                0x00000000                CY_APPL_ORIGIN = 0x0
                0x00000100                CY_FLASH_ROW_SIZE = 0x100
                0x00000001                CY_APPL_NUM = 0x1
                0x00000001                CY_APPL_MAX = 0x1
                0x00000040                CY_METADATA_SIZE = 0x40
                0x00000000                CY_APPL_LOADABLE = 0x0
                0x00000000                CY_CHECKSUM_EXCLUDE_SIZE = ALIGN (0x0, CY_FLASH_ROW_SIZE)
                0x00000000                CY_APP_FOR_STACK_AND_COPIER = 0x0
                [!provide]                PROVIDE (__cy_heap_start, _end)
                0x00000001                PROVIDE (__cy_region_num, ((__cy_regions_end - __cy_regions) / 0x10))
                0x20008000                PROVIDE (__cy_stack, (ORIGIN (ram) + LENGTH (ram)))
                [!provide]                PROVIDE (__cy_heap_end, (__cy_stack - 0x800))

.cybootloader   0x00000000        0x0
 *(.cybootloader)
                0x00000000                appl1_start = CY_APPL_ORIGIN?CY_APPL_ORIGIN:ALIGN (CY_FLASH_ROW_SIZE)
                0x0001ff00                appl2_start = (appl1_start + ALIGN ((((LENGTH (rom) - appl1_start) - (0x2 * CY_FLASH_ROW_SIZE)) / 0x2), CY_FLASH_ROW_SIZE))
                0x00000000                appl_start = (CY_APPL_NUM == 0x1)?appl1_start:appl2_start
                0x00000001                cy_project_type_bootloader = (appl_start == 0x0)?0x1:0x0
                0x00000000                cy_project_type_app_for_stack_and_copier = (CY_APP_FOR_STACK_AND_COPIER == 0x1)?0x1:0x0

.text           0x00000000     0x1b52
 CREATE_OBJECT_SYMBOLS
                0x00000000                PROVIDE (__cy_interrupt_vector, RomVectors)
 *(.romvectors)
 .romvectors    0x00000000       0x10 .\CortexM0\ARM_GCC_541\Debug\Cm0Start.o
                0x00000000                RomVectors
                0x00000001                ASSERT ((. != __cy_interrupt_vector), No interrupt vector)
                0x00000001                ASSERT (CY_APPL_ORIGIN?(SIZEOF (.cybootloader) <= CY_APPL_ORIGIN):0x1, Wrong image location)
                0x00000010                PROVIDE (__cy_reset, Reset)
 *(.text.Reset)
 .text.Reset    0x00000010        0x8 .\CortexM0\ARM_GCC_541\Debug\Cm0Start.o
                0x00000010                Reset
                0x00000001                ASSERT ((. != __cy_reset), No reset code)
 *(.psocinit)
 .psocinit      0x00000018      0x280 .\CortexM0\ARM_GCC_541\Debug\cyfitter_cfg.o
                0x0000015c                cyfitter_cfg
                0x00000298                . = MAX (., 0x100)
 *(.text .text.* .gnu.linkonce.t.*)
 .text          0x00000298       0x60 c:/program files (x86)/cypress/psoc creator/4.4/psoc creator/import/gnu/arm/5.4.1/bin/../lib/gcc/arm-none-eabi/5.4.1/armv6-m/crtbegin.o
 .text.ISR_Per_Handler
                0x000002f8       0x68 .\CortexM0\ARM_GCC_541\Debug\main.o
                0x000002f8                ISR_Per_Handler
 .text.main     0x00000360       0x94 .\CortexM0\ARM_GCC_541\Debug\main.o
                0x00000360                main
 .text.cfg_write_bytes32
                0x000003f4       0x34 .\CortexM0\ARM_GCC_541\Debug\cyfitter_cfg.o
 .text.AnalogSetDefault
                0x00000428       0x20 .\CortexM0\ARM_GCC_541\Debug\cyfitter_cfg.o
 .text.CYMEMZERO
                0x00000448        0xc .\CortexM0\ARM_GCC_541\Debug\cyfitter_cfg.o
 .text.CYCONFIGCPYCODE
                0x00000454        0x8 .\CortexM0\ARM_GCC_541\Debug\cyfitter_cfg.o
 .text.IntDefaultHandler
                0x0000045c       0x10 .\CortexM0\ARM_GCC_541\Debug\Cm0Start.o
                0x0000045c                IntDefaultHandler
 .text._sbrk    0x0000046c       0x30 .\CortexM0\ARM_GCC_541\Debug\Cm0Start.o
                0x0000046c                _sbrk
 .text.Start_c  0x0000049c       0x48 .\CortexM0\ARM_GCC_541\Debug\Cm0Start.o
                0x0000049c                Start_c
 .text.initialize_psoc
                0x000004e4       0x4c .\CortexM0\ARM_GCC_541\Debug\Cm0Start.o
                0x000004e4                initialize_psoc
 .text.CySysClkEcoReadStatus
                0x00000530       0x10 .\CortexM0\ARM_GCC_541\Debug\CyberPong.a(CyLib.o)
                0x00000530                CySysClkEcoReadStatus
 .text.CyIntEnable
                0x00000540       0x14 .\CortexM0\ARM_GCC_541\Debug\CyberPong.a(CyLib.o)
                0x00000540                CyIntEnable
 .text.CyHalt   0x00000554        0x4 .\CortexM0\ARM_GCC_541\Debug\CyberPong.a(CyLib.o)
                0x00000554                CyHalt
 .text.CyIntSetVector
                0x00000558       0x24 .\CortexM0\ARM_GCC_541\Debug\CyberPong.a(CyLib.o)
                0x00000558                CyIntSetVector
 .text.CyDelayUs
                0x0000057c       0x14 .\CortexM0\ARM_GCC_541\Debug\CyberPong.a(CyLib.o)
                0x0000057c                CyDelayUs
 .text.CySysClkWriteImoFreq
                0x00000590      0x164 .\CortexM0\ARM_GCC_541\Debug\CyberPong.a(CyLib.o)
                0x00000590                CySysClkWriteImoFreq
 .text.CySysClkEcoStart
                0x000006f4       0x54 .\CortexM0\ARM_GCC_541\Debug\CyberPong.a(CyLib.o)
                0x000006f4                CySysClkEcoStart
 .text.CySysWdtLocked
                0x00000748       0x14 .\CortexM0\ARM_GCC_541\Debug\CyberPong.a(CyLFClk.o)
 .text.CySysClkWcoStart
                0x0000075c       0x40 .\CortexM0\ARM_GCC_541\Debug\CyberPong.a(CyLFClk.o)
                0x0000075c                CySysClkWcoStart
 .text.CySysClkWcoSetPowerMode
                0x0000079c       0x80 .\CortexM0\ARM_GCC_541\Debug\CyberPong.a(CyLFClk.o)
                0x0000079c                CySysClkWcoSetPowerMode
 .text.CySysWdtLock
                0x0000081c       0x1c .\CortexM0\ARM_GCC_541\Debug\CyberPong.a(CyLFClk.o)
                0x0000081c                CySysWdtLock
 .text.CySysWdtUnlock
                0x00000838       0x30 .\CortexM0\ARM_GCC_541\Debug\CyberPong.a(CyLFClk.o)
                0x00000838                CySysWdtUnlock
 .text.CySysWdtClearInterrupt
                0x00000868       0x4c .\CortexM0\ARM_GCC_541\Debug\CyberPong.a(CyLFClk.o)
                0x00000868                CySysWdtClearInterrupt
 .text.CySysWdtIsr
                0x000008b4       0xa4 .\CortexM0\ARM_GCC_541\Debug\CyberPong.a(CyLFClk.o)
                0x000008b4                CySysWdtIsr
 .text.UART_ScbModePostEnable
                0x00000958        0x8 .\CortexM0\ARM_GCC_541\Debug\CyberPong.a(UART.o)
 .text.UART_Init
                0x00000960        0x8 .\CortexM0\ARM_GCC_541\Debug\CyberPong.a(UART.o)
                0x00000960                UART_Init
 .text.UART_Enable
                0x00000968       0x18 .\CortexM0\ARM_GCC_541\Debug\CyberPong.a(UART.o)
                0x00000968                UART_Enable
 .text.UART_Start
                0x00000980       0x20 .\CortexM0\ARM_GCC_541\Debug\CyberPong.a(UART.o)
                0x00000980                UART_Start
 .text.UART_SpiUartWriteTxData
                0x000009a0       0x1c .\CortexM0\ARM_GCC_541\Debug\CyberPong.a(UART_SPI_UART.o)
                0x000009a0                UART_SpiUartWriteTxData
 .text.UART_UartInit
                0x000009bc       0xa8 .\CortexM0\ARM_GCC_541\Debug\CyberPong.a(UART_UART.o)
                0x000009bc                UART_UartInit
 .text.UART_UartPostEnable
                0x00000a64       0x2c .\CortexM0\ARM_GCC_541\Debug\CyberPong.a(UART_UART.o)
                0x00000a64                UART_UartPostEnable
 .text.UART_UartPutString
                0x00000a90       0x18 .\CortexM0\ARM_GCC_541\Debug\CyberPong.a(UART_UART.o)
                0x00000a90                UART_UartPutString
 .text.Perioud_Counter_WriteCounter
                0x00000aa8       0x10 .\CortexM0\ARM_GCC_541\Debug\CyberPong.a(Perioud_Counter.o)
                0x00000aa8                Perioud_Counter_WriteCounter
 .text.Perioud_Counter_WritePeriod
                0x00000ab8       0x10 .\CortexM0\ARM_GCC_541\Debug\CyberPong.a(Perioud_Counter.o)
                0x00000ab8                Perioud_Counter_WritePeriod
 .text.Perioud_Counter_TriggerCommand
                0x00000ac8       0x1c .\CortexM0\ARM_GCC_541\Debug\CyberPong.a(Perioud_Counter.o)
                0x00000ac8                Perioud_Counter_TriggerCommand
 .text.Perioud_Counter_Enable
                0x00000ae4       0x24 .\CortexM0\ARM_GCC_541\Debug\CyberPong.a(Perioud_Counter.o)
                0x00000ae4                Perioud_Counter_Enable
 .text.Perioud_Counter_SetInterruptMode
                0x00000b08        0xc .\CortexM0\ARM_GCC_541\Debug\CyberPong.a(Perioud_Counter.o)
                0x00000b08                Perioud_Counter_SetInterruptMode
 .text.Perioud_Counter_Init
                0x00000b14       0x30 .\CortexM0\ARM_GCC_541\Debug\CyberPong.a(Perioud_Counter.o)
                0x00000b14                Perioud_Counter_Init
 .text.Perioud_Counter_Start
                0x00000b44       0x20 .\CortexM0\ARM_GCC_541\Debug\CyberPong.a(Perioud_Counter.o)
                0x00000b44                Perioud_Counter_Start
 .text.Perioud_Counter_ClearInterrupt
                0x00000b64        0xc .\CortexM0\ARM_GCC_541\Debug\CyberPong.a(Perioud_Counter.o)
                0x00000b64                Perioud_Counter_ClearInterrupt
 .text.ISR_Per_SetVector
                0x00000b70        0xc .\CortexM0\ARM_GCC_541\Debug\CyberPong.a(ISR_Per.o)
                0x00000b70                ISR_Per_SetVector
 .text.ISR_Per_SetPriority
                0x00000b7c       0x24 .\CortexM0\ARM_GCC_541\Debug\CyberPong.a(ISR_Per.o)
                0x00000b7c                ISR_Per_SetPriority
 .text.ISR_Per_Enable
                0x00000ba0       0x10 .\CortexM0\ARM_GCC_541\Debug\CyberPong.a(ISR_Per.o)
                0x00000ba0                ISR_Per_Enable
 .text.ISR_Per_Disable
                0x00000bb0       0x10 .\CortexM0\ARM_GCC_541\Debug\CyberPong.a(ISR_Per.o)
                0x00000bb0                ISR_Per_Disable
 .text.ISR_Per_StartEx
                0x00000bc0       0x1c .\CortexM0\ARM_GCC_541\Debug\CyberPong.a(ISR_Per.o)
                0x00000bc0                ISR_Per_StartEx
 .text.FanController_Enable
                0x00000bdc       0x2c .\CortexM0\ARM_GCC_541\Debug\CyberPong.a(FanController.o)
                0x00000bdc                FanController_Enable
 .text.FanController_SetAlertMask
                0x00000c08        0xc .\CortexM0\ARM_GCC_541\Debug\CyberPong.a(FanController.o)
                0x00000c08                FanController_SetAlertMask
 .text.FanController_GetAlertMask
                0x00000c14        0xc .\CortexM0\ARM_GCC_541\Debug\CyberPong.a(FanController.o)
                0x00000c14                FanController_GetAlertMask
 .text.FanController_SetDutyCycle
                0x00000c20       0x28 .\CortexM0\ARM_GCC_541\Debug\CyberPong.a(FanController.o)
                0x00000c20                FanController_SetDutyCycle
 .text.FanController_SetDesiredSpeed
                0x00000c48       0x14 .\CortexM0\ARM_GCC_541\Debug\CyberPong.a(FanController.o)
                0x00000c48                FanController_SetDesiredSpeed
 .text.FanController_Init
                0x00000c5c      0x104 .\CortexM0\ARM_GCC_541\Debug\CyberPong.a(FanController.o)
                0x00000c5c                FanController_Init
 .text.FanController_Start
                0x00000d60       0x20 .\CortexM0\ARM_GCC_541\Debug\CyberPong.a(FanController.o)
                0x00000d60                FanController_Start
 .text.FanController_GetDesiredSpeed
                0x00000d80       0x10 .\CortexM0\ARM_GCC_541\Debug\CyberPong.a(FanController.o)
                0x00000d80                FanController_GetDesiredSpeed
 .text.FanController_GetActualSpeed
                0x00000d90       0x2c .\CortexM0\ARM_GCC_541\Debug\CyberPong.a(FanController.o)
                0x00000d90                FanController_GetActualSpeed
 .text.FanController_DATA_SEND_ISR
                0x00000dbc       0x94 .\CortexM0\ARM_GCC_541\Debug\CyberPong.a(FanController_INT.o)
                0x00000dbc                FanController_DATA_SEND_ISR
 .text.FanController_PID_CONTROL_ISR
                0x00000e50      0x180 .\CortexM0\ARM_GCC_541\Debug\CyberPong.a(FanController_INT.o)
                0x00000e50                FanController_PID_CONTROL_ISR
 .text.FanController_DataSend_SetVector
                0x00000fd0        0xc .\CortexM0\ARM_GCC_541\Debug\CyberPong.a(FanController_DataSend.o)
                0x00000fd0                FanController_DataSend_SetVector
 .text.FanController_DataSend_SetPriority
                0x00000fdc       0x24 .\CortexM0\ARM_GCC_541\Debug\CyberPong.a(FanController_DataSend.o)
                0x00000fdc                FanController_DataSend_SetPriority
 .text.FanController_DataSend_Enable
                0x00001000        0xc .\CortexM0\ARM_GCC_541\Debug\CyberPong.a(FanController_DataSend.o)
                0x00001000                FanController_DataSend_Enable
 .text.FanController_DataSend_Disable
                0x0000100c        0xc .\CortexM0\ARM_GCC_541\Debug\CyberPong.a(FanController_DataSend.o)
                0x0000100c                FanController_DataSend_Disable
 .text.FanController_DataSend_StartEx
                0x00001018       0x1c .\CortexM0\ARM_GCC_541\Debug\CyberPong.a(FanController_DataSend.o)
                0x00001018                FanController_DataSend_StartEx
 .text.FanController_PID_ISR_SetVector
                0x00001034        0xc .\CortexM0\ARM_GCC_541\Debug\CyberPong.a(FanController_PID_ISR.o)
                0x00001034                FanController_PID_ISR_SetVector
 .text.FanController_PID_ISR_SetPriority
                0x00001040       0x24 .\CortexM0\ARM_GCC_541\Debug\CyberPong.a(FanController_PID_ISR.o)
                0x00001040                FanController_PID_ISR_SetPriority
 .text.FanController_PID_ISR_Enable
                0x00001064        0xc .\CortexM0\ARM_GCC_541\Debug\CyberPong.a(FanController_PID_ISR.o)
                0x00001064                FanController_PID_ISR_Enable
 .text.FanController_PID_ISR_Disable
                0x00001070        0xc .\CortexM0\ARM_GCC_541\Debug\CyberPong.a(FanController_PID_ISR.o)
                0x00001070                FanController_PID_ISR_Disable
 .text.FanController_PID_ISR_StartEx
                0x0000107c       0x1c .\CortexM0\ARM_GCC_541\Debug\CyberPong.a(FanController_PID_ISR.o)
                0x0000107c                FanController_PID_ISR_StartEx
 .text.FanController_FW_PWM1_WriteCounter
                0x00001098       0x10 .\CortexM0\ARM_GCC_541\Debug\CyberPong.a(FanController_FW_PWM1.o)
                0x00001098                FanController_FW_PWM1_WriteCounter
 .text.FanController_FW_PWM1_WritePeriod
                0x000010a8       0x10 .\CortexM0\ARM_GCC_541\Debug\CyberPong.a(FanController_FW_PWM1.o)
                0x000010a8                FanController_FW_PWM1_WritePeriod
 .text.FanController_FW_PWM1_WriteCompare
                0x000010b8       0x10 .\CortexM0\ARM_GCC_541\Debug\CyberPong.a(FanController_FW_PWM1.o)
                0x000010b8                FanController_FW_PWM1_WriteCompare
 .text.FanController_FW_PWM1_TriggerCommand
                0x000010c8       0x1c .\CortexM0\ARM_GCC_541\Debug\CyberPong.a(FanController_FW_PWM1.o)
                0x000010c8                FanController_FW_PWM1_TriggerCommand
 .text.FanController_FW_PWM1_Enable
                0x000010e4       0x24 .\CortexM0\ARM_GCC_541\Debug\CyberPong.a(FanController_FW_PWM1.o)
                0x000010e4                FanController_FW_PWM1_Enable
 .text.FanController_FW_PWM1_SetInterruptMode
                0x00001108        0xc .\CortexM0\ARM_GCC_541\Debug\CyberPong.a(FanController_FW_PWM1.o)
                0x00001108                FanController_FW_PWM1_SetInterruptMode
 .text.FanController_FW_PWM1_Init
                0x00001114       0x44 .\CortexM0\ARM_GCC_541\Debug\CyberPong.a(FanController_FW_PWM1.o)
                0x00001114                FanController_FW_PWM1_Init
 .text          0x00001158       0x20 .\CortexM0\ARM_GCC_541\Debug\CyberPong.a(CyBootAsmGnu.o)
                0x00001158                CyDelayCycles
                0x0000116a                CyEnterCriticalSection
                0x00001172                CyExitCriticalSection
 .text          0x00001178      0x114 c:/program files (x86)/cypress/psoc creator/4.4/psoc creator/import/gnu/arm/5.4.1/bin/../lib/gcc/arm-none-eabi/5.4.1/armv6-m\libgcc.a(_udivsi3.o)
                0x00001178                __aeabi_uidiv
                0x00001178                __udivsi3
                0x00001284                __aeabi_uidivmod
 .text          0x0000128c        0x4 c:/program files (x86)/cypress/psoc creator/4.4/psoc creator/import/gnu/arm/5.4.1/bin/../lib/gcc/arm-none-eabi/5.4.1/armv6-m\libgcc.a(_dvmd_tls.o)
                0x0000128c                __aeabi_idiv0
                0x0000128c                __aeabi_ldiv0
 .text.__errno  0x00001290        0xc c:/program files (x86)/cypress/psoc creator/4.4/psoc creator/import/gnu/arm/5.4.1/bin/../lib/gcc/arm-none-eabi/5.4.1/../../../../arm-none-eabi/lib/armv6-m\libg_nano.a(lib_a-errno.o)
                0x00001290                __errno
 .text.__libc_init_array
                0x0000129c       0x4c c:/program files (x86)/cypress/psoc creator/4.4/psoc creator/import/gnu/arm/5.4.1/bin/../lib/gcc/arm-none-eabi/5.4.1/../../../../arm-none-eabi/lib/armv6-m\libg_nano.a(lib_a-init.o)
                0x0000129c                __libc_init_array
 .text.memcpy   0x000012e8       0x12 c:/program files (x86)/cypress/psoc creator/4.4/psoc creator/import/gnu/arm/5.4.1/bin/../lib/gcc/arm-none-eabi/5.4.1/../../../../arm-none-eabi/lib/armv6-m\libg_nano.a(lib_a-memcpy-stub.o)
                0x000012e8                memcpy
 .text.memset   0x000012fa       0x10 c:/program files (x86)/cypress/psoc creator/4.4/psoc creator/import/gnu/arm/5.4.1/bin/../lib/gcc/arm-none-eabi/5.4.1/../../../../arm-none-eabi/lib/armv6-m\libg_nano.a(lib_a-memset.o)
                0x000012fa                memset
 *fill*         0x0000130a        0x2 
 .text.sprintf  0x0000130c       0x44 c:/program files (x86)/cypress/psoc creator/4.4/psoc creator/import/gnu/arm/5.4.1/bin/../lib/gcc/arm-none-eabi/5.4.1/../../../../arm-none-eabi/lib/armv6-m\libg_nano.a(lib_a-sprintf.o)
                0x0000130c                siprintf
                0x0000130c                sprintf
 .text.__ssputs_r
                0x00001350       0xc4 c:/program files (x86)/cypress/psoc creator/4.4/psoc creator/import/gnu/arm/5.4.1/bin/../lib/gcc/arm-none-eabi/5.4.1/../../../../arm-none-eabi/lib/armv6-m\libg_nano.a(lib_a-nano-svfprintf.o)
                0x00001350                __ssputs_r
 .text._svfprintf_r
                0x00001414      0x1fc c:/program files (x86)/cypress/psoc creator/4.4/psoc creator/import/gnu/arm/5.4.1/bin/../lib/gcc/arm-none-eabi/5.4.1/../../../../arm-none-eabi/lib/armv6-m\libg_nano.a(lib_a-nano-svfprintf.o)
                0x00001414                _svfiprintf_r
                0x00001414                _svfprintf_r
 .text._printf_common
                0x00001610       0xdc c:/program files (x86)/cypress/psoc creator/4.4/psoc creator/import/gnu/arm/5.4.1/bin/../lib/gcc/arm-none-eabi/5.4.1/../../../../arm-none-eabi/lib/armv6-m\libg_nano.a(lib_a-nano-vfprintf_i.o)
                0x00001610                _printf_common
 .text._printf_i
                0x000016ec      0x244 c:/program files (x86)/cypress/psoc creator/4.4/psoc creator/import/gnu/arm/5.4.1/bin/../lib/gcc/arm-none-eabi/5.4.1/../../../../arm-none-eabi/lib/armv6-m\libg_nano.a(lib_a-nano-vfprintf_i.o)
                0x000016ec                _printf_i
 .text.memchr   0x00001930       0x16 c:/program files (x86)/cypress/psoc creator/4.4/psoc creator/import/gnu/arm/5.4.1/bin/../lib/gcc/arm-none-eabi/5.4.1/../../../../arm-none-eabi/lib/armv6-m\libg_nano.a(lib_a-memchr-stub.o)
                0x00001930                memchr
 .text.memmove  0x00001946       0x2a c:/program files (x86)/cypress/psoc creator/4.4/psoc creator/import/gnu/arm/5.4.1/bin/../lib/gcc/arm-none-eabi/5.4.1/../../../../arm-none-eabi/lib/armv6-m\libg_nano.a(lib_a-memmove.o)
                0x00001946                memmove
 .text._free_r  0x00001970       0x98 c:/program files (x86)/cypress/psoc creator/4.4/psoc creator/import/gnu/arm/5.4.1/bin/../lib/gcc/arm-none-eabi/5.4.1/../../../../arm-none-eabi/lib/armv6-m\libg_nano.a(lib_a-nano-freer.o)
                0x00001970                _free_r
 .text._malloc_r
                0x00001a08       0xc0 c:/program files (x86)/cypress/psoc creator/4.4/psoc creator/import/gnu/arm/5.4.1/bin/../lib/gcc/arm-none-eabi/5.4.1/../../../../arm-none-eabi/lib/armv6-m\libg_nano.a(lib_a-nano-mallocr.o)
                0x00001a08                _malloc_r
 .text._realloc_r
                0x00001ac8       0x4c c:/program files (x86)/cypress/psoc creator/4.4/psoc creator/import/gnu/arm/5.4.1/bin/../lib/gcc/arm-none-eabi/5.4.1/../../../../arm-none-eabi/lib/armv6-m\libg_nano.a(lib_a-nano-reallocr.o)
                0x00001ac8                _realloc_r
 .text._sbrk_r  0x00001b14       0x24 c:/program files (x86)/cypress/psoc creator/4.4/psoc creator/import/gnu/arm/5.4.1/bin/../lib/gcc/arm-none-eabi/5.4.1/../../../../arm-none-eabi/lib/armv6-m\libg_nano.a(lib_a-sbrkr.o)
                0x00001b14                _sbrk_r
 .text.__malloc_lock
                0x00001b38        0x2 c:/program files (x86)/cypress/psoc creator/4.4/psoc creator/import/gnu/arm/5.4.1/bin/../lib/gcc/arm-none-eabi/5.4.1/../../../../arm-none-eabi/lib/armv6-m\libg_nano.a(lib_a-mlock.o)
                0x00001b38                __malloc_lock
 .text.__malloc_unlock
                0x00001b3a        0x2 c:/program files (x86)/cypress/psoc creator/4.4/psoc creator/import/gnu/arm/5.4.1/bin/../lib/gcc/arm-none-eabi/5.4.1/../../../../arm-none-eabi/lib/armv6-m\libg_nano.a(lib_a-mlock.o)
                0x00001b3a                __malloc_unlock
 .text._malloc_usable_size_r
                0x00001b3c       0x16 c:/program files (x86)/cypress/psoc creator/4.4/psoc creator/import/gnu/arm/5.4.1/bin/../lib/gcc/arm-none-eabi/5.4.1/../../../../arm-none-eabi/lib/armv6-m\libg_nano.a(lib_a-nano-msizer.o)
                0x00001b3c                _malloc_usable_size_r
 *(.plt)
 *(.gnu.warning)
 *(.glue_7t)
 .glue_7t       0x00001b52        0x0 linker stubs
 *(.glue_7)
 .glue_7        0x00001b52        0x0 linker stubs
 *(.vfp11_veneer)
 .vfp11_veneer  0x00001b52        0x0 linker stubs
 *(.bootloader)
 *(.ARM.extab* .gnu.linkonce.armextab.*)
 *(.gcc_except_table)

.v4_bx          0x00001b54        0x0
 .v4_bx         0x00001b54        0x0 linker stubs

.iplt           0x00001b54        0x0
 .iplt          0x00001b54        0x0 c:/program files (x86)/cypress/psoc creator/4.4/psoc creator/import/gnu/arm/5.4.1/bin/../lib/gcc/arm-none-eabi/5.4.1/armv6-m/crtbegin.o

.eh_frame_hdr
 *(.eh_frame_hdr)

.eh_frame       0x00001b54        0x4
 *(.eh_frame)
 .eh_frame      0x00001b54        0x0 c:/program files (x86)/cypress/psoc creator/4.4/psoc creator/import/gnu/arm/5.4.1/bin/../lib/gcc/arm-none-eabi/5.4.1/armv6-m/crtbegin.o
 .eh_frame      0x00001b54        0x4 c:/program files (x86)/cypress/psoc creator/4.4/psoc creator/import/gnu/arm/5.4.1/bin/../lib/gcc/arm-none-eabi/5.4.1/armv6-m/crtend.o
                [!provide]                PROVIDE (__exidx_start, .)

.ARM.exidx
 *(.ARM.exidx* .gnu.linkonce.armexidx.*)
                0x00001b58                __exidx_end = .

.rodata         0x00001b58      0x3d0
 *(.rodata .rodata.* .gnu.linkonce.r.*)
 .rodata.str1.4
                0x00001b58        0x4 .\CortexM0\ARM_GCC_541\Debug\main.o
                                  0x3 (size before relaxing)
 .rodata        0x00001b5c      0x328 .\CortexM0\ARM_GCC_541\Debug\cyfitter_cfg.o
 .rodata        0x00001e84       0x2e .\CortexM0\ARM_GCC_541\Debug\CyberPong.a(CyLib.o)
                0x00001e84                cyImoFreqMhz2Reg
 *fill*         0x00001eb2        0x2 
 .rodata        0x00001eb4        0x8 .\CortexM0\ARM_GCC_541\Debug\CyberPong.a(FanController.o)
                0x00001eb4                FanController_fanPwmInitRegs
                0x00001eb8                FanController_fanDriverRegs
 .rodata.str1.1
                0x00001ebc        0x2 c:/program files (x86)/cypress/psoc creator/4.4/psoc creator/import/gnu/arm/5.4.1/bin/../lib/gcc/arm-none-eabi/5.4.1/../../../../arm-none-eabi/lib/armv6-m\libg_nano.a(lib_a-impure.o)
 .rodata.str1.1
                0x00001ebe       0x11 c:/program files (x86)/cypress/psoc creator/4.4/psoc creator/import/gnu/arm/5.4.1/bin/../lib/gcc/arm-none-eabi/5.4.1/../../../../arm-none-eabi/lib/armv6-m\libg_nano.a(lib_a-nano-svfprintf.o)
 .rodata.str1.1
                0x00001ecf       0x22 c:/program files (x86)/cypress/psoc creator/4.4/psoc creator/import/gnu/arm/5.4.1/bin/../lib/gcc/arm-none-eabi/5.4.1/../../../../arm-none-eabi/lib/armv6-m\libg_nano.a(lib_a-nano-vfprintf_i.o)
                0x00001ef4                . = ALIGN (0x4)
 *fill*         0x00001ef1        0x3 
 *(.init)
 .init          0x00001ef4        0x4 c:/program files (x86)/cypress/psoc creator/4.4/psoc creator/import/gnu/arm/5.4.1/bin/../lib/gcc/arm-none-eabi/5.4.1/armv6-m/crti.o
                0x00001ef4                _init
 .init          0x00001ef8        0x8 c:/program files (x86)/cypress/psoc creator/4.4/psoc creator/import/gnu/arm/5.4.1/bin/../lib/gcc/arm-none-eabi/5.4.1/armv6-m/crtn.o
                0x00001f00                . = ALIGN (0x4)
                0x00001f00                __preinit_array_start = .
 *(.preinit_array)
                0x00001f00                __preinit_array_end = .
                0x00001f00                . = ALIGN (0x4)
                0x00001f00                __init_array_start = .
 *(SORT(.init_array.*))
 *(.init_array)
 .init_array    0x00001f00        0x4 c:/program files (x86)/cypress/psoc creator/4.4/psoc creator/import/gnu/arm/5.4.1/bin/../lib/gcc/arm-none-eabi/5.4.1/armv6-m/crtbegin.o
 .init_array    0x00001f04        0x4 .\CortexM0\ARM_GCC_541\Debug\Cm0Start.o
                0x00001f08                __init_array_end = .
                0x00001f08                . = ALIGN (0x4)
 *(.fini)
 .fini          0x00001f08        0x4 c:/program files (x86)/cypress/psoc creator/4.4/psoc creator/import/gnu/arm/5.4.1/bin/../lib/gcc/arm-none-eabi/5.4.1/armv6-m/crti.o
                0x00001f08                _fini
 .fini          0x00001f0c        0x8 c:/program files (x86)/cypress/psoc creator/4.4/psoc creator/import/gnu/arm/5.4.1/bin/../lib/gcc/arm-none-eabi/5.4.1/armv6-m/crtn.o
                0x00001f14                . = ALIGN (0x4)
                0x00001f14                __fini_array_start = .
 *(.fini_array)
 .fini_array    0x00001f14        0x4 c:/program files (x86)/cypress/psoc creator/4.4/psoc creator/import/gnu/arm/5.4.1/bin/../lib/gcc/arm-none-eabi/5.4.1/armv6-m/crtbegin.o
 *(SORT(.fini_array.*))
                0x00001f18                __fini_array_end = .
                0x00001f18                . = ALIGN (0x4)
 *crtbegin.o(.ctors)
 *(EXCLUDE_FILE(*crtend.o) .ctors)
 *(SORT(.ctors.*))
 *crtend.o(.ctors)
                0x00001f18                . = ALIGN (0x4)
 *crtbegin.o(.dtors)
 *(EXCLUDE_FILE(*crtend.o) .dtors)
 *(SORT(.dtors.*))
 *crtend.o(.dtors)
                0x00001f18                . = ALIGN (0x4)
                0x00001f18                __cy_regions = .
                0x00001f18        0x4 LONG 0x1f28 __cy_region_init_ram
                0x00001f1c        0x4 LONG 0x200000c0 __cy_region_start_data
                0x00001f20        0x4 LONG 0x98 __cy_region_init_size_ram
                0x00001f24        0x4 LONG 0xa8 __cy_region_zero_size_ram
                0x00001f28                __cy_regions_end = .
                0x00001f28                . = ALIGN (0x8)
                0x00001f28                _etext = .

.cy_checksum_exclude
                0x00001f28        0x0
 *(.cy_checksum_exclude)

.ramvectors     0x20000000       0xc0
                0x20000000                __cy_region_start_ram = .
 *(.ramvectors)
 .ramvectors    0x20000000       0xc0 .\CortexM0\ARM_GCC_541\Debug\Cm0Start.o
                0x20000000                CyRamVectors

.noinit
 *(.noinit)

.data           0x200000c0       0x98 load address 0x00001f28
                0x200000c0                __cy_region_start_data = .
 *(.jcr)
 .jcr           0x200000c0        0x0 c:/program files (x86)/cypress/psoc creator/4.4/psoc creator/import/gnu/arm/5.4.1/bin/../lib/gcc/arm-none-eabi/5.4.1/armv6-m/crtbegin.o
 .jcr           0x200000c0        0x4 c:/program files (x86)/cypress/psoc creator/4.4/psoc creator/import/gnu/arm/5.4.1/bin/../lib/gcc/arm-none-eabi/5.4.1/armv6-m/crtend.o
 *(.got.plt)
 *(.got)
 *(.shdata)
 *(.data .data.* .gnu.linkonce.d.*)
 .data          0x200000c4        0x4 .\CortexM0\ARM_GCC_541\Debug\Cm0Start.o
 .data          0x200000c8       0x14 .\CortexM0\ARM_GCC_541\Debug\CyberPong.a(CyLib.o)
                0x200000c8                CySysClkPumpConfig
                0x200000cc                cydelay32kMs
                0x200000d0                cydelayFreqKhz
                0x200000d4                cydelayFreqMhz
                0x200000d8                cydelayFreqHz
 .data          0x200000dc        0x8 .\CortexM0\ARM_GCC_541\Debug\CyberPong.a(CyLFClk.o)
 .data          0x200000e4        0xe .\CortexM0\ARM_GCC_541\Debug\CyberPong.a(FanController.o)
                0x200000e4                FanController_fanProperties
 *fill*         0x200000f2        0x2 
 .data.impure_data
                0x200000f4       0x60 c:/program files (x86)/cypress/psoc creator/4.4/psoc creator/import/gnu/arm/5.4.1/bin/../lib/gcc/arm-none-eabi/5.4.1/../../../../arm-none-eabi/lib/armv6-m\libg_nano.a(lib_a-impure.o)
 .data._impure_ptr
                0x20000154        0x4 c:/program files (x86)/cypress/psoc creator/4.4/psoc creator/import/gnu/arm/5.4.1/bin/../lib/gcc/arm-none-eabi/5.4.1/../../../../arm-none-eabi/lib/armv6-m\libg_nano.a(lib_a-impure.o)
                0x20000154                _impure_ptr
                0x20000158                . = ALIGN (0x8)
 *(.ram)
                0x20000158                _edata = .

.igot.plt       0x20000158        0x0 load address 0x00001fc0
 .igot.plt      0x20000158        0x0 c:/program files (x86)/cypress/psoc creator/4.4/psoc creator/import/gnu/arm/5.4.1/bin/../lib/gcc/arm-none-eabi/5.4.1/armv6-m/crtbegin.o

.bss            0x20000158       0xa8 load address 0x00001fc0
                0x20000158                PROVIDE (__bss_start__, .)
 *(.shbss)
 *(.bss .bss.* .gnu.linkonce.b.*)
 .bss           0x20000158       0x1c c:/program files (x86)/cypress/psoc creator/4.4/psoc creator/import/gnu/arm/5.4.1/bin/../lib/gcc/arm-none-eabi/5.4.1/armv6-m/crtbegin.o
 .bss           0x20000174       0x28 .\CortexM0\ARM_GCC_541\Debug\CyberPong.a(CyLFClk.o)
 .bss           0x2000019c        0x4 .\CortexM0\ARM_GCC_541\Debug\CyberPong.a(UART.o)
                0x2000019c                UART_initVar
                0x2000019e                UART_IntrTxMask
 .bss           0x200001a0        0x1 .\CortexM0\ARM_GCC_541\Debug\CyberPong.a(Perioud_Counter.o)
                0x200001a0                Perioud_Counter_initVar
 *fill*         0x200001a1        0x1 
 .bss           0x200001a2        0x5 .\CortexM0\ARM_GCC_541\Debug\CyberPong.a(FanController.o)
                0x200001a2                FanController_alertMask
                0x200001a4                FanController_stallStatus
                0x200001a6                FanController_initVar
 *fill*         0x200001a7        0x1 
 .bss           0x200001a8       0x10 .\CortexM0\ARM_GCC_541\Debug\CyberPong.a(FanController_INT.o)
                0x200001b6                FanController_speedStatus
 .bss.__malloc_sbrk_start
                0x200001b8        0x4 c:/program files (x86)/cypress/psoc creator/4.4/psoc creator/import/gnu/arm/5.4.1/bin/../lib/gcc/arm-none-eabi/5.4.1/../../../../arm-none-eabi/lib/armv6-m\libg_nano.a(lib_a-nano-mallocr.o)
                0x200001b8                __malloc_sbrk_start
 .bss.__malloc_free_list
                0x200001bc        0x4 c:/program files (x86)/cypress/psoc creator/4.4/psoc creator/import/gnu/arm/5.4.1/bin/../lib/gcc/arm-none-eabi/5.4.1/../../../../arm-none-eabi/lib/armv6-m\libg_nano.a(lib_a-nano-mallocr.o)
                0x200001bc                __malloc_free_list
 *(COMMON)
 COMMON         0x200001c0       0x1c .\CortexM0\ARM_GCC_541\Debug\main.o
                0x200001c0                indx
                0x200001c4                current_rpm
                0x200001c8                period_per_spin
                0x200001cc                period_per_window
                0x200001d0                signals_per_time_unit
                0x200001d4                uart_per_buff
                0x200001d8                uart_rpm_buff
 COMMON         0x200001dc       0x1c .\CortexM0\ARM_GCC_541\Debug\CyberPong.a(FanController.o)
                0x200001dc                FanController_pidA2
                0x200001e0                FanController_fanControl
                0x200001e4                FanController_desiredFansSpeed
                0x200001e8                FanController_outputSatL
                0x200001ec                FanController_pidA1
                0x200001f0                FanController_pidA3
                0x200001f4                FanController_outputSatH
 COMMON         0x200001f8        0x4 c:/program files (x86)/cypress/psoc creator/4.4/psoc creator/import/gnu/arm/5.4.1/bin/../lib/gcc/arm-none-eabi/5.4.1/../../../../arm-none-eabi/lib/armv6-m\libg_nano.a(lib_a-reent.o)
                0x200001f8                errno
                0x20000200                . = ALIGN (0x8)
 *fill*         0x200001fc        0x4 
 *(.ram.b)
                0x20000200                _end = .
                0x20000200                __end = .
                0x20000200                PROVIDE (end, .)
                0x20000200                PROVIDE (__bss_end__, .)
                0x00001f28                __cy_region_init_ram = LOADADDR (.data)
                0x00000098                __cy_region_init_size_ram = (_edata - ADDR (.data))
                0x000000a8                __cy_region_zero_size_ram = (_end - _edata)

.heap           0x20000200       0x80 load address 0x00001fc0
                0x20000200                . = _end
                0x20000280                . = (. + 0x80)
 *fill*         0x20000200       0x80 
                0x20000280                __cy_heap_limit = .

.stack          0x20007800      0x800
                0x20007800                __cy_stack_limit = .
                0x20008000                . = (. + 0x800)
 *fill*         0x20007800      0x800 
                0x00000001                ASSERT ((__cy_stack_limit >= __cy_heap_limit), region RAM overflowed with stack)
                0x00000000                cy_checksum_exclude_size = (CY_APPL_LOADABLE == 0x1)?SIZEOF (.cy_checksum_exclude):0x0
                0x00000001                ASSERT ((cy_checksum_exclude_size <= CY_CHECKSUM_EXCLUDE_SIZE), CY_BOOT: Section .cy_checksum_exclude size exceedes specified limit.)
                0x0003ffc0                cyloadermeta_start = (cy_project_type_bootloader || cy_project_type_app_for_stack_and_copier)?(LENGTH (rom) - CY_METADATA_SIZE):0xf0000000

.cyloadermeta
 *(.cyloadermeta)
                0x0003ffc0                cyloadablemeta_start = cy_project_type_app_for_stack_and_copier?((LENGTH (rom) - CY_FLASH_ROW_SIZE) - CY_METADATA_SIZE):((LENGTH (rom) - (CY_FLASH_ROW_SIZE * (CY_APPL_NUM - 0x1))) - CY_METADATA_SIZE)

.cyloadablemeta
 *(.cyloadablemeta)

.cyflashprotect
                0x90400000       0x80
 *(.cyflashprotect)
 .cyflashprotect
                0x90400000       0x80 .\CortexM0\ARM_GCC_541\Debug\cymetadata.o
                0x90400000                cy_meta_flashprotect

.cymeta         0x90500000        0xc
 *(.cymeta)
 .cymeta        0x90500000        0xc .\CortexM0\ARM_GCC_541\Debug\cymetadata.o
                0x90500000                cy_metadata

.cychipprotect  0x90600000        0x1
 *(.cychipprotect)
 .cychipprotect
                0x90600000        0x1 .\CortexM0\ARM_GCC_541\Debug\cymetadata.o
                0x90600000                cy_meta_chipprotect

.rel.dyn        0x00001fc0        0x0 load address 0x90600004
 .rel.iplt      0x00001fc0        0x0 c:/program files (x86)/cypress/psoc creator/4.4/psoc creator/import/gnu/arm/5.4.1/bin/../lib/gcc/arm-none-eabi/5.4.1/armv6-m/crtbegin.o

.stab
 *(.stab)

.stabstr
 *(.stabstr)

.debug
 *(.debug)

.line
 *(.line)

.debug_srcinfo
 *(.debug_srcinfo)

.debug_sfnames
 *(.debug_sfnames)

.debug_aranges  0x00000000      0xaa0
 *(.debug_aranges)
 .debug_aranges
                0x00000000       0x28 .\CortexM0\ARM_GCC_541\Debug\main.o
 .debug_aranges
                0x00000028       0x48 .\CortexM0\ARM_GCC_541\Debug\cyfitter_cfg.o
 .debug_aranges
                0x00000070       0x18 .\CortexM0\ARM_GCC_541\Debug\cymetadata.o
 .debug_aranges
                0x00000088       0x48 .\CortexM0\ARM_GCC_541\Debug\Cm0Start.o
 .debug_aranges
                0x000000d0      0x1d0 .\CortexM0\ARM_GCC_541\Debug\CyberPong.a(CyLib.o)
 .debug_aranges
                0x000002a0      0x188 .\CortexM0\ARM_GCC_541\Debug\CyberPong.a(CyLFClk.o)
 .debug_aranges
                0x00000428       0x58 .\CortexM0\ARM_GCC_541\Debug\CyberPong.a(UART.o)
 .debug_aranges
                0x00000480       0x60 .\CortexM0\ARM_GCC_541\Debug\CyberPong.a(UART_SPI_UART.o)
 .debug_aranges
                0x000004e0       0x90 .\CortexM0\ARM_GCC_541\Debug\CyberPong.a(UART_UART.o)
 .debug_aranges
                0x00000570      0x158 .\CortexM0\ARM_GCC_541\Debug\CyberPong.a(Perioud_Counter.o)
 .debug_aranges
                0x000006c8       0x80 .\CortexM0\ARM_GCC_541\Debug\CyberPong.a(ISR_Per.o)
 .debug_aranges
                0x00000748       0xb8 .\CortexM0\ARM_GCC_541\Debug\CyberPong.a(FanController.o)
 .debug_aranges
                0x00000800       0x28 .\CortexM0\ARM_GCC_541\Debug\CyberPong.a(FanController_INT.o)
 .debug_aranges
                0x00000828       0x80 .\CortexM0\ARM_GCC_541\Debug\CyberPong.a(FanController_DataSend.o)
 .debug_aranges
                0x000008a8       0x80 .\CortexM0\ARM_GCC_541\Debug\CyberPong.a(FanController_PID_ISR.o)
 .debug_aranges
                0x00000928      0x158 .\CortexM0\ARM_GCC_541\Debug\CyberPong.a(FanController_FW_PWM1.o)
 .debug_aranges
                0x00000a80       0x20 .\CortexM0\ARM_GCC_541\Debug\CyberPong.a(CyBootAsmGnu.o)

.debug_pubnames
 *(.debug_pubnames)

.debug_info     0x00000000     0x5aab
 *(.debug_info .gnu.linkonce.wi.*)
 .debug_info    0x00000000      0x33c .\CortexM0\ARM_GCC_541\Debug\main.o
 .debug_info    0x0000033c      0x5b9 .\CortexM0\ARM_GCC_541\Debug\cyfitter_cfg.o
 .debug_info    0x000008f5       0xf8 .\CortexM0\ARM_GCC_541\Debug\cymetadata.o
 .debug_info    0x000009ed      0x3a2 .\CortexM0\ARM_GCC_541\Debug\Cm0Start.o
 .debug_info    0x00000d8f      0xd2c .\CortexM0\ARM_GCC_541\Debug\CyberPong.a(CyLib.o)
 .debug_info    0x00001abb     0x1071 .\CortexM0\ARM_GCC_541\Debug\CyberPong.a(CyLFClk.o)
 .debug_info    0x00002b2c      0x23a .\CortexM0\ARM_GCC_541\Debug\CyberPong.a(UART.o)
 .debug_info    0x00002d66      0x220 .\CortexM0\ARM_GCC_541\Debug\CyberPong.a(UART_SPI_UART.o)
 .debug_info    0x00002f86      0x3b5 .\CortexM0\ARM_GCC_541\Debug\CyberPong.a(UART_UART.o)
 .debug_info    0x0000333b      0x8f6 .\CortexM0\ARM_GCC_541\Debug\CyberPong.a(Perioud_Counter.o)
 .debug_info    0x00003c31      0x305 .\CortexM0\ARM_GCC_541\Debug\CyberPong.a(ISR_Per.o)
 .debug_info    0x00003f36      0x8a8 .\CortexM0\ARM_GCC_541\Debug\CyberPong.a(FanController.o)
 .debug_info    0x000047de      0x338 .\CortexM0\ARM_GCC_541\Debug\CyberPong.a(FanController_INT.o)
 .debug_info    0x00004b16      0x305 .\CortexM0\ARM_GCC_541\Debug\CyberPong.a(FanController_DataSend.o)
 .debug_info    0x00004e1b      0x305 .\CortexM0\ARM_GCC_541\Debug\CyberPong.a(FanController_PID_ISR.o)
 .debug_info    0x00005120      0x909 .\CortexM0\ARM_GCC_541\Debug\CyberPong.a(FanController_FW_PWM1.o)
 .debug_info    0x00005a29       0x82 .\CortexM0\ARM_GCC_541\Debug\CyberPong.a(CyBootAsmGnu.o)

.debug_abbrev   0x00000000     0x1707
 *(.debug_abbrev)
 .debug_abbrev  0x00000000       0xf1 .\CortexM0\ARM_GCC_541\Debug\main.o
 .debug_abbrev  0x000000f1      0x1ea .\CortexM0\ARM_GCC_541\Debug\cyfitter_cfg.o
 .debug_abbrev  0x000002db       0x5d .\CortexM0\ARM_GCC_541\Debug\cymetadata.o
 .debug_abbrev  0x00000338      0x1d7 .\CortexM0\ARM_GCC_541\Debug\Cm0Start.o
 .debug_abbrev  0x0000050f      0x1d3 .\CortexM0\ARM_GCC_541\Debug\CyberPong.a(CyLib.o)
 .debug_abbrev  0x000006e2      0x248 .\CortexM0\ARM_GCC_541\Debug\CyberPong.a(CyLFClk.o)
 .debug_abbrev  0x0000092a       0xd5 .\CortexM0\ARM_GCC_541\Debug\CyberPong.a(UART.o)
 .debug_abbrev  0x000009ff      0x14f .\CortexM0\ARM_GCC_541\Debug\CyberPong.a(UART_SPI_UART.o)
 .debug_abbrev  0x00000b4e      0x132 .\CortexM0\ARM_GCC_541\Debug\CyberPong.a(UART_UART.o)
 .debug_abbrev  0x00000c80      0x119 .\CortexM0\ARM_GCC_541\Debug\CyberPong.a(Perioud_Counter.o)
 .debug_abbrev  0x00000d99      0x19a .\CortexM0\ARM_GCC_541\Debug\CyberPong.a(ISR_Per.o)
 .debug_abbrev  0x00000f33      0x22b .\CortexM0\ARM_GCC_541\Debug\CyberPong.a(FanController.o)
 .debug_abbrev  0x0000115e      0x148 .\CortexM0\ARM_GCC_541\Debug\CyberPong.a(FanController_INT.o)
 .debug_abbrev  0x000012a6      0x19a .\CortexM0\ARM_GCC_541\Debug\CyberPong.a(FanController_DataSend.o)
 .debug_abbrev  0x00001440      0x19a .\CortexM0\ARM_GCC_541\Debug\CyberPong.a(FanController_PID_ISR.o)
 .debug_abbrev  0x000015da      0x119 .\CortexM0\ARM_GCC_541\Debug\CyberPong.a(FanController_FW_PWM1.o)
 .debug_abbrev  0x000016f3       0x14 .\CortexM0\ARM_GCC_541\Debug\CyberPong.a(CyBootAsmGnu.o)

.debug_line     0x00000000     0x265d
 *(.debug_line)
 .debug_line    0x00000000      0x281 .\CortexM0\ARM_GCC_541\Debug\main.o
 .debug_line    0x00000281      0x1d0 .\CortexM0\ARM_GCC_541\Debug\cyfitter_cfg.o
 .debug_line    0x00000451      0x141 .\CortexM0\ARM_GCC_541\Debug\cymetadata.o
 .debug_line    0x00000592      0x236 .\CortexM0\ARM_GCC_541\Debug\Cm0Start.o
 .debug_line    0x000007c8      0x553 .\CortexM0\ARM_GCC_541\Debug\CyberPong.a(CyLib.o)
 .debug_line    0x00000d1b      0x5db .\CortexM0\ARM_GCC_541\Debug\CyberPong.a(CyLFClk.o)
 .debug_line    0x000012f6      0x108 .\CortexM0\ARM_GCC_541\Debug\CyberPong.a(UART.o)
 .debug_line    0x000013fe      0x11a .\CortexM0\ARM_GCC_541\Debug\CyberPong.a(UART_SPI_UART.o)
 .debug_line    0x00001518      0x1cf .\CortexM0\ARM_GCC_541\Debug\CyberPong.a(UART_UART.o)
 .debug_line    0x000016e7      0x383 .\CortexM0\ARM_GCC_541\Debug\CyberPong.a(Perioud_Counter.o)
 .debug_line    0x00001a6a      0x153 .\CortexM0\ARM_GCC_541\Debug\CyberPong.a(ISR_Per.o)
 .debug_line    0x00001bbd      0x2dc .\CortexM0\ARM_GCC_541\Debug\CyberPong.a(FanController.o)
 .debug_line    0x00001e99      0x10b .\CortexM0\ARM_GCC_541\Debug\CyberPong.a(FanController_INT.o)
 .debug_line    0x00001fa4      0x162 .\CortexM0\ARM_GCC_541\Debug\CyberPong.a(FanController_DataSend.o)
 .debug_line    0x00002106      0x161 .\CortexM0\ARM_GCC_541\Debug\CyberPong.a(FanController_PID_ISR.o)
 .debug_line    0x00002267      0x38e .\CortexM0\ARM_GCC_541\Debug\CyberPong.a(FanController_FW_PWM1.o)
 .debug_line    0x000025f5       0x68 .\CortexM0\ARM_GCC_541\Debug\CyberPong.a(CyBootAsmGnu.o)

.debug_frame    0x00000000     0x1e48
 *(.debug_frame)
 .debug_frame   0x00000000       0x50 .\CortexM0\ARM_GCC_541\Debug\main.o
 .debug_frame   0x00000050       0xbc .\CortexM0\ARM_GCC_541\Debug\cyfitter_cfg.o
 .debug_frame   0x0000010c       0xbc .\CortexM0\ARM_GCC_541\Debug\Cm0Start.o
 .debug_frame   0x000001c8      0x4a4 .\CortexM0\ARM_GCC_541\Debug\CyberPong.a(CyLib.o)
 .debug_frame   0x0000066c      0x4a8 .\CortexM0\ARM_GCC_541\Debug\CyberPong.a(CyLFClk.o)
 .debug_frame   0x00000b14       0xd8 .\CortexM0\ARM_GCC_541\Debug\CyberPong.a(UART.o)
 .debug_frame   0x00000bec       0xb0 .\CortexM0\ARM_GCC_541\Debug\CyberPong.a(UART_SPI_UART.o)
 .debug_frame   0x00000c9c      0x144 .\CortexM0\ARM_GCC_541\Debug\CyberPong.a(UART_UART.o)
 .debug_frame   0x00000de0      0x3a0 .\CortexM0\ARM_GCC_541\Debug\CyberPong.a(Perioud_Counter.o)
 .debug_frame   0x00001180      0x110 .\CortexM0\ARM_GCC_541\Debug\CyberPong.a(ISR_Per.o)
 .debug_frame   0x00001290      0x200 .\CortexM0\ARM_GCC_541\Debug\CyberPong.a(FanController.o)
 .debug_frame   0x00001490       0x50 .\CortexM0\ARM_GCC_541\Debug\CyberPong.a(FanController_INT.o)
 .debug_frame   0x000014e0      0x110 .\CortexM0\ARM_GCC_541\Debug\CyberPong.a(FanController_DataSend.o)
 .debug_frame   0x000015f0      0x110 .\CortexM0\ARM_GCC_541\Debug\CyberPong.a(FanController_PID_ISR.o)
 .debug_frame   0x00001700      0x3a0 .\CortexM0\ARM_GCC_541\Debug\CyberPong.a(FanController_FW_PWM1.o)
 .debug_frame   0x00001aa0       0x20 c:/program files (x86)/cypress/psoc creator/4.4/psoc creator/import/gnu/arm/5.4.1/bin/../lib/gcc/arm-none-eabi/5.4.1/armv6-m\libgcc.a(_udivsi3.o)
 .debug_frame   0x00001ac0       0x20 c:/program files (x86)/cypress/psoc creator/4.4/psoc creator/import/gnu/arm/5.4.1/bin/../lib/gcc/arm-none-eabi/5.4.1/armv6-m\libgcc.a(_divsi3.o)
 .debug_frame   0x00001ae0       0x20 c:/program files (x86)/cypress/psoc creator/4.4/psoc creator/import/gnu/arm/5.4.1/bin/../lib/gcc/arm-none-eabi/5.4.1/../../../../arm-none-eabi/lib/armv6-m\libg_nano.a(lib_a-errno.o)
 .debug_frame   0x00001b00       0x28 c:/program files (x86)/cypress/psoc creator/4.4/psoc creator/import/gnu/arm/5.4.1/bin/../lib/gcc/arm-none-eabi/5.4.1/../../../../arm-none-eabi/lib/armv6-m\libg_nano.a(lib_a-exit.o)
 .debug_frame   0x00001b28       0x2c c:/program files (x86)/cypress/psoc creator/4.4/psoc creator/import/gnu/arm/5.4.1/bin/../lib/gcc/arm-none-eabi/5.4.1/../../../../arm-none-eabi/lib/armv6-m\libg_nano.a(lib_a-init.o)
 .debug_frame   0x00001b54       0x28 c:/program files (x86)/cypress/psoc creator/4.4/psoc creator/import/gnu/arm/5.4.1/bin/../lib/gcc/arm-none-eabi/5.4.1/../../../../arm-none-eabi/lib/armv6-m\libg_nano.a(lib_a-memcpy-stub.o)
 .debug_frame   0x00001b7c       0x20 c:/program files (x86)/cypress/psoc creator/4.4/psoc creator/import/gnu/arm/5.4.1/bin/../lib/gcc/arm-none-eabi/5.4.1/../../../../arm-none-eabi/lib/armv6-m\libg_nano.a(lib_a-memset.o)
 .debug_frame   0x00001b9c       0x50 c:/program files (x86)/cypress/psoc creator/4.4/psoc creator/import/gnu/arm/5.4.1/bin/../lib/gcc/arm-none-eabi/5.4.1/../../../../arm-none-eabi/lib/armv6-m\libg_nano.a(lib_a-sprintf.o)
 .debug_frame   0x00001bec       0x74 c:/program files (x86)/cypress/psoc creator/4.4/psoc creator/import/gnu/arm/5.4.1/bin/../lib/gcc/arm-none-eabi/5.4.1/../../../../arm-none-eabi/lib/armv6-m\libg_nano.a(lib_a-nano-svfprintf.o)
 .debug_frame   0x00001c60       0x54 c:/program files (x86)/cypress/psoc creator/4.4/psoc creator/import/gnu/arm/5.4.1/bin/../lib/gcc/arm-none-eabi/5.4.1/../../../../arm-none-eabi/lib/armv6-m\libg_nano.a(lib_a-nano-vfprintf_i.o)
 .debug_frame   0x00001cb4       0x20 c:/program files (x86)/cypress/psoc creator/4.4/psoc creator/import/gnu/arm/5.4.1/bin/../lib/gcc/arm-none-eabi/5.4.1/../../../../arm-none-eabi/lib/armv6-m\libg_nano.a(lib_a-memchr-stub.o)
 .debug_frame   0x00001cd4       0x28 c:/program files (x86)/cypress/psoc creator/4.4/psoc creator/import/gnu/arm/5.4.1/bin/../lib/gcc/arm-none-eabi/5.4.1/../../../../arm-none-eabi/lib/armv6-m\libg_nano.a(lib_a-memmove.o)
 .debug_frame   0x00001cfc       0x2c c:/program files (x86)/cypress/psoc creator/4.4/psoc creator/import/gnu/arm/5.4.1/bin/../lib/gcc/arm-none-eabi/5.4.1/../../../../arm-none-eabi/lib/armv6-m\libg_nano.a(lib_a-nano-freer.o)
 .debug_frame   0x00001d28       0x2c c:/program files (x86)/cypress/psoc creator/4.4/psoc creator/import/gnu/arm/5.4.1/bin/../lib/gcc/arm-none-eabi/5.4.1/../../../../arm-none-eabi/lib/armv6-m\libg_nano.a(lib_a-nano-mallocr.o)
 .debug_frame   0x00001d54       0x30 c:/program files (x86)/cypress/psoc creator/4.4/psoc creator/import/gnu/arm/5.4.1/bin/../lib/gcc/arm-none-eabi/5.4.1/../../../../arm-none-eabi/lib/armv6-m\libg_nano.a(lib_a-nano-reallocr.o)
 .debug_frame   0x00001d84       0x2c c:/program files (x86)/cypress/psoc creator/4.4/psoc creator/import/gnu/arm/5.4.1/bin/../lib/gcc/arm-none-eabi/5.4.1/../../../../arm-none-eabi/lib/armv6-m\libg_nano.a(lib_a-sbrkr.o)
 .debug_frame   0x00001db0       0x30 c:/program files (x86)/cypress/psoc creator/4.4/psoc creator/import/gnu/arm/5.4.1/bin/../lib/gcc/arm-none-eabi/5.4.1/../../../../arm-none-eabi/lib/armv6-m\libg_nano.a(lib_a-mlock.o)
 .debug_frame   0x00001de0       0x20 c:/program files (x86)/cypress/psoc creator/4.4/psoc creator/import/gnu/arm/5.4.1/bin/../lib/gcc/arm-none-eabi/5.4.1/../../../../arm-none-eabi/lib/armv6-m\libg_nano.a(lib_a-nano-msizer.o)
 .debug_frame   0x00001e00       0x48 c:/program files (x86)/cypress/psoc creator/4.4/psoc creator/import/gnu/arm/5.4.1/bin/../lib/gcc/arm-none-eabi/5.4.1/../../../../arm-none-eabi/lib/armv6-m\libg_nano.a(lib_a-reent.o)

.debug_str      0x00000000     0x2c0f
 *(.debug_str)
 .debug_str     0x00000000      0x292 .\CortexM0\ARM_GCC_541\Debug\main.o
                                0x2db (size before relaxing)
 .debug_str     0x00000292      0x1ec .\CortexM0\ARM_GCC_541\Debug\cyfitter_cfg.o
                                0x383 (size before relaxing)
 .debug_str     0x0000047e       0x63 .\CortexM0\ARM_GCC_541\Debug\cymetadata.o
                                0x1ba (size before relaxing)
 .debug_str     0x000004e1      0x13a .\CortexM0\ARM_GCC_541\Debug\Cm0Start.o
                                0x2f3 (size before relaxing)
 .debug_str     0x0000061b      0x5d7 .\CortexM0\ARM_GCC_541\Debug\CyberPong.a(CyLib.o)
                                0x7ea (size before relaxing)
 .debug_str     0x00000bf2      0x6ec .\CortexM0\ARM_GCC_541\Debug\CyberPong.a(CyLFClk.o)
                                0x92a (size before relaxing)
 .debug_str     0x000012de       0xf7 .\CortexM0\ARM_GCC_541\Debug\CyberPong.a(UART.o)
                                0x289 (size before relaxing)
 .debug_str     0x000013d5      0x11d .\CortexM0\ARM_GCC_541\Debug\CyberPong.a(UART_SPI_UART.o)
                                0x2c0 (size before relaxing)
 .debug_str     0x000014f2      0x186 .\CortexM0\ARM_GCC_541\Debug\CyberPong.a(UART_UART.o)
                                0x3ba (size before relaxing)
 .debug_str     0x00001678      0x555 .\CortexM0\ARM_GCC_541\Debug\CyberPong.a(Perioud_Counter.o)
                                0x747 (size before relaxing)
 .debug_str     0x00001bcd      0x101 .\CortexM0\ARM_GCC_541\Debug\CyberPong.a(ISR_Per.o)
                                0x2f8 (size before relaxing)
 .debug_str     0x00001cce      0x55c .\CortexM0\ARM_GCC_541\Debug\CyberPong.a(FanController.o)
                                0x7a1 (size before relaxing)
 .debug_str     0x0000222a      0x114 .\CortexM0\ARM_GCC_541\Debug\CyberPong.a(FanController_INT.o)
                                0x44e (size before relaxing)
 .debug_str     0x0000233e      0x1b5 .\CortexM0\ARM_GCC_541\Debug\CyberPong.a(FanController_DataSend.o)
                                0x3ca (size before relaxing)
 .debug_str     0x000024f3      0x1a8 .\CortexM0\ARM_GCC_541\Debug\CyberPong.a(FanController_PID_ISR.o)
                                0x3bc (size before relaxing)
 .debug_str     0x0000269b      0x574 .\CortexM0\ARM_GCC_541\Debug\CyberPong.a(FanController_FW_PWM1.o)
                                0x843 (size before relaxing)

.debug_loc      0x00000000     0x2d4c
 *(.debug_loc)
 .debug_loc     0x00000000      0x1fe .\CortexM0\ARM_GCC_541\Debug\cyfitter_cfg.o
 .debug_loc     0x000001fe      0x14f .\CortexM0\ARM_GCC_541\Debug\Cm0Start.o
 .debug_loc     0x0000034d      0x818 .\CortexM0\ARM_GCC_541\Debug\CyberPong.a(CyLib.o)
 .debug_loc     0x00000b65      0xdaa .\CortexM0\ARM_GCC_541\Debug\CyberPong.a(CyLFClk.o)
 .debug_loc     0x0000190f       0x7e .\CortexM0\ARM_GCC_541\Debug\CyberPong.a(UART.o)
 .debug_loc     0x0000198d       0x96 .\CortexM0\ARM_GCC_541\Debug\CyberPong.a(UART_SPI_UART.o)
 .debug_loc     0x00001a23      0x223 .\CortexM0\ARM_GCC_541\Debug\CyberPong.a(UART_UART.o)
 .debug_loc     0x00001c46      0x547 .\CortexM0\ARM_GCC_541\Debug\CyberPong.a(Perioud_Counter.o)
 .debug_loc     0x0000218d       0x82 .\CortexM0\ARM_GCC_541\Debug\CyberPong.a(ISR_Per.o)
 .debug_loc     0x0000220f      0x3c5 .\CortexM0\ARM_GCC_541\Debug\CyberPong.a(FanController.o)
 .debug_loc     0x000025d4      0x12d .\CortexM0\ARM_GCC_541\Debug\CyberPong.a(FanController_INT.o)
 .debug_loc     0x00002701       0x82 .\CortexM0\ARM_GCC_541\Debug\CyberPong.a(FanController_DataSend.o)
 .debug_loc     0x00002783       0x82 .\CortexM0\ARM_GCC_541\Debug\CyberPong.a(FanController_PID_ISR.o)
 .debug_loc     0x00002805      0x547 .\CortexM0\ARM_GCC_541\Debug\CyberPong.a(FanController_FW_PWM1.o)

.debug_macinfo
 *(.debug_macinfo)

.debug_ranges   0x00000000      0x978
 *(.debug_ranges)
 .debug_ranges  0x00000000       0x18 .\CortexM0\ARM_GCC_541\Debug\main.o
 .debug_ranges  0x00000018       0x38 .\CortexM0\ARM_GCC_541\Debug\cyfitter_cfg.o
 .debug_ranges  0x00000050       0x38 .\CortexM0\ARM_GCC_541\Debug\Cm0Start.o
 .debug_ranges  0x00000088      0x1c0 .\CortexM0\ARM_GCC_541\Debug\CyberPong.a(CyLib.o)
 .debug_ranges  0x00000248      0x178 .\CortexM0\ARM_GCC_541\Debug\CyberPong.a(CyLFClk.o)
 .debug_ranges  0x000003c0       0x48 .\CortexM0\ARM_GCC_541\Debug\CyberPong.a(UART.o)
 .debug_ranges  0x00000408       0x50 .\CortexM0\ARM_GCC_541\Debug\CyberPong.a(UART_SPI_UART.o)
 .debug_ranges  0x00000458       0x80 .\CortexM0\ARM_GCC_541\Debug\CyberPong.a(UART_UART.o)
 .debug_ranges  0x000004d8      0x148 .\CortexM0\ARM_GCC_541\Debug\CyberPong.a(Perioud_Counter.o)
 .debug_ranges  0x00000620       0x70 .\CortexM0\ARM_GCC_541\Debug\CyberPong.a(ISR_Per.o)
 .debug_ranges  0x00000690       0xa8 .\CortexM0\ARM_GCC_541\Debug\CyberPong.a(FanController.o)
 .debug_ranges  0x00000738       0x18 .\CortexM0\ARM_GCC_541\Debug\CyberPong.a(FanController_INT.o)
 .debug_ranges  0x00000750       0x70 .\CortexM0\ARM_GCC_541\Debug\CyberPong.a(FanController_DataSend.o)
 .debug_ranges  0x000007c0       0x70 .\CortexM0\ARM_GCC_541\Debug\CyberPong.a(FanController_PID_ISR.o)
 .debug_ranges  0x00000830      0x148 .\CortexM0\ARM_GCC_541\Debug\CyberPong.a(FanController_FW_PWM1.o)

.comment        0x00000000       0x6e
 .comment       0x00000000       0x6e .\CortexM0\ARM_GCC_541\Debug\main.o
                                 0x6f (size before relaxing)
 .comment       0x0000006e       0x6f .\CortexM0\ARM_GCC_541\Debug\cyfitter_cfg.o
 .comment       0x0000006e       0x6f .\CortexM0\ARM_GCC_541\Debug\cymetadata.o
 .comment       0x0000006e       0x6f .\CortexM0\ARM_GCC_541\Debug\Cm0Start.o
 .comment       0x0000006e       0x6f .\CortexM0\ARM_GCC_541\Debug\CyberPong.a(CyLib.o)
 .comment       0x0000006e       0x6f .\CortexM0\ARM_GCC_541\Debug\CyberPong.a(CyLFClk.o)
 .comment       0x0000006e       0x6f .\CortexM0\ARM_GCC_541\Debug\CyberPong.a(UART.o)
 .comment       0x0000006e       0x6f .\CortexM0\ARM_GCC_541\Debug\CyberPong.a(UART_SPI_UART.o)
 .comment       0x0000006e       0x6f .\CortexM0\ARM_GCC_541\Debug\CyberPong.a(UART_UART.o)
 .comment       0x0000006e       0x6f .\CortexM0\ARM_GCC_541\Debug\CyberPong.a(Perioud_Counter.o)
 .comment       0x0000006e       0x6f .\CortexM0\ARM_GCC_541\Debug\CyberPong.a(ISR_Per.o)
 .comment       0x0000006e       0x6f .\CortexM0\ARM_GCC_541\Debug\CyberPong.a(FanController.o)
 .comment       0x0000006e       0x6f .\CortexM0\ARM_GCC_541\Debug\CyberPong.a(FanController_INT.o)
 .comment       0x0000006e       0x6f .\CortexM0\ARM_GCC_541\Debug\CyberPong.a(FanController_DataSend.o)
 .comment       0x0000006e       0x6f .\CortexM0\ARM_GCC_541\Debug\CyberPong.a(FanController_PID_ISR.o)
 .comment       0x0000006e       0x6f .\CortexM0\ARM_GCC_541\Debug\CyberPong.a(FanController_FW_PWM1.o)

.debug_weaknames
 *(.debug_weaknames)

.debug_funcnames
 *(.debug_funcnames)

.debug_typenames
 *(.debug_typenames)

.debug_varnames
 *(.debug_varnames)

.note.gnu.arm.ident
 *(.note.gnu.arm.ident)

.ARM.attributes
                0x00000000       0x28
 *(.ARM.attributes)
 .ARM.attributes
                0x00000000       0x1e c:/program files (x86)/cypress/psoc creator/4.4/psoc creator/import/gnu/arm/5.4.1/bin/../lib/gcc/arm-none-eabi/5.4.1/armv6-m/crti.o
 .ARM.attributes
                0x0000001e       0x2c c:/program files (x86)/cypress/psoc creator/4.4/psoc creator/import/gnu/arm/5.4.1/bin/../lib/gcc/arm-none-eabi/5.4.1/armv6-m/crtbegin.o
 .ARM.attributes
                0x0000004a       0x1b c:/program files (x86)/cypress/psoc creator/4.4/psoc creator/import/gnu/arm/5.4.1/bin/../lib/gcc/arm-none-eabi/5.4.1/../../../../arm-none-eabi/lib/armv6-m/crt0.o
 .ARM.attributes
                0x00000065       0x31 .\CortexM0\ARM_GCC_541\Debug\main.o
 .ARM.attributes
                0x00000096       0x31 .\CortexM0\ARM_GCC_541\Debug\cyfitter_cfg.o
 .ARM.attributes
                0x000000c7       0x31 .\CortexM0\ARM_GCC_541\Debug\cymetadata.o
 .ARM.attributes
                0x000000f8       0x31 .\CortexM0\ARM_GCC_541\Debug\Cm0Start.o
 .ARM.attributes
                0x00000129       0x31 .\CortexM0\ARM_GCC_541\Debug\CyberPong.a(CyLib.o)
 .ARM.attributes
                0x0000015a       0x31 .\CortexM0\ARM_GCC_541\Debug\CyberPong.a(CyLFClk.o)
 .ARM.attributes
                0x0000018b       0x31 .\CortexM0\ARM_GCC_541\Debug\CyberPong.a(UART.o)
 .ARM.attributes
                0x000001bc       0x31 .\CortexM0\ARM_GCC_541\Debug\CyberPong.a(UART_SPI_UART.o)
 .ARM.attributes
                0x000001ed       0x31 .\CortexM0\ARM_GCC_541\Debug\CyberPong.a(UART_UART.o)
 .ARM.attributes
                0x0000021e       0x31 .\CortexM0\ARM_GCC_541\Debug\CyberPong.a(Perioud_Counter.o)
 .ARM.attributes
                0x0000024f       0x31 .\CortexM0\ARM_GCC_541\Debug\CyberPong.a(ISR_Per.o)
 .ARM.attributes
                0x00000280       0x31 .\CortexM0\ARM_GCC_541\Debug\CyberPong.a(FanController.o)
 .ARM.attributes
                0x000002b1       0x31 .\CortexM0\ARM_GCC_541\Debug\CyberPong.a(FanController_INT.o)
 .ARM.attributes
                0x000002e2       0x31 .\CortexM0\ARM_GCC_541\Debug\CyberPong.a(FanController_DataSend.o)
 .ARM.attributes
                0x00000313       0x31 .\CortexM0\ARM_GCC_541\Debug\CyberPong.a(FanController_PID_ISR.o)
 .ARM.attributes
                0x00000344       0x31 .\CortexM0\ARM_GCC_541\Debug\CyberPong.a(FanController_FW_PWM1.o)
 .ARM.attributes
                0x00000375       0x21 .\CortexM0\ARM_GCC_541\Debug\CyberPong.a(CyBootAsmGnu.o)
 .ARM.attributes
                0x00000396       0x1e c:/program files (x86)/cypress/psoc creator/4.4/psoc creator/import/gnu/arm/5.4.1/bin/../lib/gcc/arm-none-eabi/5.4.1/armv6-m\libgcc.a(_udivsi3.o)
 .ARM.attributes
                0x000003b4       0x1e c:/program files (x86)/cypress/psoc creator/4.4/psoc creator/import/gnu/arm/5.4.1/bin/../lib/gcc/arm-none-eabi/5.4.1/armv6-m\libgcc.a(_divsi3.o)
 .ARM.attributes
                0x000003d2       0x1e c:/program files (x86)/cypress/psoc creator/4.4/psoc creator/import/gnu/arm/5.4.1/bin/../lib/gcc/arm-none-eabi/5.4.1/armv6-m\libgcc.a(_dvmd_tls.o)
 .ARM.attributes
                0x000003f0       0x2c c:/program files (x86)/cypress/psoc creator/4.4/psoc creator/import/gnu/arm/5.4.1/bin/../lib/gcc/arm-none-eabi/5.4.1/../../../../arm-none-eabi/lib/armv6-m\libg_nano.a(lib_a-errno.o)
 .ARM.attributes
                0x0000041c       0x2c c:/program files (x86)/cypress/psoc creator/4.4/psoc creator/import/gnu/arm/5.4.1/bin/../lib/gcc/arm-none-eabi/5.4.1/../../../../arm-none-eabi/lib/armv6-m\libg_nano.a(lib_a-exit.o)
 .ARM.attributes
                0x00000448       0x2c c:/program files (x86)/cypress/psoc creator/4.4/psoc creator/import/gnu/arm/5.4.1/bin/../lib/gcc/arm-none-eabi/5.4.1/../../../../arm-none-eabi/lib/armv6-m\libg_nano.a(lib_a-impure.o)
 .ARM.attributes
                0x00000474       0x2c c:/program files (x86)/cypress/psoc creator/4.4/psoc creator/import/gnu/arm/5.4.1/bin/../lib/gcc/arm-none-eabi/5.4.1/../../../../arm-none-eabi/lib/armv6-m\libg_nano.a(lib_a-init.o)
 .ARM.attributes
                0x000004a0       0x2c c:/program files (x86)/cypress/psoc creator/4.4/psoc creator/import/gnu/arm/5.4.1/bin/../lib/gcc/arm-none-eabi/5.4.1/../../../../arm-none-eabi/lib/armv6-m\libg_nano.a(lib_a-memcpy-stub.o)
 .ARM.attributes
                0x000004cc       0x2c c:/program files (x86)/cypress/psoc creator/4.4/psoc creator/import/gnu/arm/5.4.1/bin/../lib/gcc/arm-none-eabi/5.4.1/../../../../arm-none-eabi/lib/armv6-m\libg_nano.a(lib_a-memset.o)
 .ARM.attributes
                0x000004f8       0x2c c:/program files (x86)/cypress/psoc creator/4.4/psoc creator/import/gnu/arm/5.4.1/bin/../lib/gcc/arm-none-eabi/5.4.1/../../../../arm-none-eabi/lib/armv6-m\libg_nano.a(lib_a-sprintf.o)
 .ARM.attributes
                0x00000524       0x2c c:/program files (x86)/cypress/psoc creator/4.4/psoc creator/import/gnu/arm/5.4.1/bin/../lib/gcc/arm-none-eabi/5.4.1/../../../../arm-none-eabi/lib/armv6-m\libg_nano.a(lib_a-nano-svfprintf.o)
 .ARM.attributes
                0x00000550       0x2c c:/program files (x86)/cypress/psoc creator/4.4/psoc creator/import/gnu/arm/5.4.1/bin/../lib/gcc/arm-none-eabi/5.4.1/../../../../arm-none-eabi/lib/armv6-m\libg_nano.a(lib_a-nano-vfprintf_i.o)
 .ARM.attributes
                0x0000057c       0x2c c:/program files (x86)/cypress/psoc creator/4.4/psoc creator/import/gnu/arm/5.4.1/bin/../lib/gcc/arm-none-eabi/5.4.1/../../../../arm-none-eabi/lib/armv6-m\libg_nano.a(lib_a-memchr-stub.o)
 .ARM.attributes
                0x000005a8       0x2c c:/program files (x86)/cypress/psoc creator/4.4/psoc creator/import/gnu/arm/5.4.1/bin/../lib/gcc/arm-none-eabi/5.4.1/../../../../arm-none-eabi/lib/armv6-m\libg_nano.a(lib_a-memmove.o)
 .ARM.attributes
                0x000005d4       0x2c c:/program files (x86)/cypress/psoc creator/4.4/psoc creator/import/gnu/arm/5.4.1/bin/../lib/gcc/arm-none-eabi/5.4.1/../../../../arm-none-eabi/lib/armv6-m\libg_nano.a(lib_a-nano-freer.o)
 .ARM.attributes
                0x00000600       0x2c c:/program files (x86)/cypress/psoc creator/4.4/psoc creator/import/gnu/arm/5.4.1/bin/../lib/gcc/arm-none-eabi/5.4.1/../../../../arm-none-eabi/lib/armv6-m\libg_nano.a(lib_a-nano-mallocr.o)
 .ARM.attributes
                0x0000062c       0x2c c:/program files (x86)/cypress/psoc creator/4.4/psoc creator/import/gnu/arm/5.4.1/bin/../lib/gcc/arm-none-eabi/5.4.1/../../../../arm-none-eabi/lib/armv6-m\libg_nano.a(lib_a-nano-reallocr.o)
 .ARM.attributes
                0x00000658       0x2c c:/program files (x86)/cypress/psoc creator/4.4/psoc creator/import/gnu/arm/5.4.1/bin/../lib/gcc/arm-none-eabi/5.4.1/../../../../arm-none-eabi/lib/armv6-m\libg_nano.a(lib_a-sbrkr.o)
 .ARM.attributes
                0x00000684       0x2c c:/program files (x86)/cypress/psoc creator/4.4/psoc creator/import/gnu/arm/5.4.1/bin/../lib/gcc/arm-none-eabi/5.4.1/../../../../arm-none-eabi/lib/armv6-m\libg_nano.a(lib_a-mlock.o)
 .ARM.attributes
                0x000006b0       0x2c c:/program files (x86)/cypress/psoc creator/4.4/psoc creator/import/gnu/arm/5.4.1/bin/../lib/gcc/arm-none-eabi/5.4.1/../../../../arm-none-eabi/lib/armv6-m\libg_nano.a(lib_a-nano-msizer.o)
 .ARM.attributes
                0x000006dc       0x2c c:/program files (x86)/cypress/psoc creator/4.4/psoc creator/import/gnu/arm/5.4.1/bin/../lib/gcc/arm-none-eabi/5.4.1/../../../../arm-none-eabi/lib/armv6-m\libg_nano.a(lib_a-reent.o)
 .ARM.attributes
                0x00000708       0x2c c:/program files (x86)/cypress/psoc creator/4.4/psoc creator/import/gnu/arm/5.4.1/bin/../lib/gcc/arm-none-eabi/5.4.1/armv6-m/crtend.o
 .ARM.attributes
                0x00000734       0x1e c:/program files (x86)/cypress/psoc creator/4.4/psoc creator/import/gnu/arm/5.4.1/bin/../lib/gcc/arm-none-eabi/5.4.1/armv6-m/crtn.o

/DISCARD/
 *(.note.GNU-stack)
OUTPUT(C:\Users\Ade0n\Desktop\PR\CyberPong\CyberPong.cydsn\CortexM0\ARM_GCC_541\Debug\CyberPong.elf elf32-littlearm)
