ARM GAS  C:\Users\Ade0n\AppData\Local\Temp\ccbVSGUB.s 			page 1


   1              		.syntax unified
   2              		.cpu cortex-m0
   3              		.fpu softvfp
   4              		.eabi_attribute 20, 1
   5              		.eabi_attribute 21, 1
   6              		.eabi_attribute 23, 3
   7              		.eabi_attribute 24, 1
   8              		.eabi_attribute 25, 1
   9              		.eabi_attribute 26, 1
  10              		.eabi_attribute 30, 1
  11              		.eabi_attribute 34, 0
  12              		.eabi_attribute 18, 4
  13              		.thumb
  14              		.syntax unified
  15              		.file	"FanController_INT.c"
  16              		.text
  17              	.Ltext0:
  18              		.cfi_sections	.debug_frame
  19              		.section	.text.FanController_DATA_SEND_ISR,"ax",%progbits
  20              		.align	2
  21              		.global	FanController_DATA_SEND_ISR
  22              		.code	16
  23              		.thumb_func
  24              		.type	FanController_DATA_SEND_ISR, %function
  25              	FanController_DATA_SEND_ISR:
  26              	.LFB2:
  27              		.file 1 "Generated_Source\\PSoC4\\FanController_INT.c"
   1:Generated_Source\PSoC4/FanController_INT.c **** /*******************************************************************************
   2:Generated_Source\PSoC4/FanController_INT.c **** * File Name: FanController_INT.c
   3:Generated_Source\PSoC4/FanController_INT.c **** * Version 4.10
   4:Generated_Source\PSoC4/FanController_INT.c **** *
   5:Generated_Source\PSoC4/FanController_INT.c **** * Description:
   6:Generated_Source\PSoC4/FanController_INT.c **** *  This file contains the Interrupt Service Routines implementation for
   7:Generated_Source\PSoC4/FanController_INT.c **** *  Fan Controller component.
   8:Generated_Source\PSoC4/FanController_INT.c **** *
   9:Generated_Source\PSoC4/FanController_INT.c **** * Note:
  10:Generated_Source\PSoC4/FanController_INT.c **** *
  11:Generated_Source\PSoC4/FanController_INT.c **** *******************************************************************************
  12:Generated_Source\PSoC4/FanController_INT.c **** * Copyright 2008-2017, Cypress Semiconductor Corporation.  All rights reserved.
  13:Generated_Source\PSoC4/FanController_INT.c **** * You may use this file only in accordance with the license, terms, conditions,
  14:Generated_Source\PSoC4/FanController_INT.c **** * disclaimers, and limitations in the end user license agreement accompanying
  15:Generated_Source\PSoC4/FanController_INT.c **** * the software package with which this file was provided.
  16:Generated_Source\PSoC4/FanController_INT.c **** ********************************************************************************/
  17:Generated_Source\PSoC4/FanController_INT.c **** 
  18:Generated_Source\PSoC4/FanController_INT.c **** #include "CyLib.h"
  19:Generated_Source\PSoC4/FanController_INT.c **** #include "FanController.h"
  20:Generated_Source\PSoC4/FanController_INT.c **** #include "cyapicallbacks.h"
  21:Generated_Source\PSoC4/FanController_INT.c **** 
  22:Generated_Source\PSoC4/FanController_INT.c **** 
  23:Generated_Source\PSoC4/FanController_INT.c **** #if(FanController_IS_AUTO_FIRMWARE_MODE)
  24:Generated_Source\PSoC4/FanController_INT.c ****     volatile uint16 FanController_speedStatus = 0u;
  25:Generated_Source\PSoC4/FanController_INT.c **** #endif /* (FanController_IS_AUTO_FIRMWARE_MODE) */
  26:Generated_Source\PSoC4/FanController_INT.c **** 
  27:Generated_Source\PSoC4/FanController_INT.c **** 
  28:Generated_Source\PSoC4/FanController_INT.c **** #if(CY_PSOC4)
  29:Generated_Source\PSoC4/FanController_INT.c ****     /********************************************************************************
  30:Generated_Source\PSoC4/FanController_INT.c ****     *
ARM GAS  C:\Users\Ade0n\AppData\Local\Temp\ccbVSGUB.s 			page 2


  31:Generated_Source\PSoC4/FanController_INT.c ****     * Summary:
  32:Generated_Source\PSoC4/FanController_INT.c ****     *  Interrupt Service Routine for transferring actual speed from tachometer.
  33:Generated_Source\PSoC4/FanController_INT.c ****     *
  34:Generated_Source\PSoC4/FanController_INT.c ****     * Parameters:
  35:Generated_Source\PSoC4/FanController_INT.c ****     *  None
  36:Generated_Source\PSoC4/FanController_INT.c ****     *
  37:Generated_Source\PSoC4/FanController_INT.c ****     * Return:
  38:Generated_Source\PSoC4/FanController_INT.c ****     *  None
  39:Generated_Source\PSoC4/FanController_INT.c ****     *
  40:Generated_Source\PSoC4/FanController_INT.c ****     * Reentrant:
  41:Generated_Source\PSoC4/FanController_INT.c ****     *  No
  42:Generated_Source\PSoC4/FanController_INT.c ****     *
  43:Generated_Source\PSoC4/FanController_INT.c ****     *******************************************************************************/
  44:Generated_Source\PSoC4/FanController_INT.c ****     CY_ISR(FanController_DATA_SEND_ISR)
  45:Generated_Source\PSoC4/FanController_INT.c ****     {
  28              		.loc 1 45 0
  29              		.cfi_startproc
  30              		@ args = 0, pretend = 0, frame = 0
  31              		@ frame_needed = 0, uses_anonymous_args = 0
  32              		@ link register save eliminated.
  46:Generated_Source\PSoC4/FanController_INT.c ****         uint8 fanNum;
  47:Generated_Source\PSoC4/FanController_INT.c ****         uint16 actSpeed;
  48:Generated_Source\PSoC4/FanController_INT.c **** 
  49:Generated_Source\PSoC4/FanController_INT.c ****         #ifdef FanController_DATA_SEND_ISR_ENTRY_CALLBACK
  50:Generated_Source\PSoC4/FanController_INT.c ****             FanController_DATA_SEND_ISR_EntryCallback();
  51:Generated_Source\PSoC4/FanController_INT.c ****         #endif /* FanController_DATA_SEND_ISR_ENTRY_CALLBACK */
  52:Generated_Source\PSoC4/FanController_INT.c **** 
  53:Generated_Source\PSoC4/FanController_INT.c ****         /* Get the number of active fan */
  54:Generated_Source\PSoC4/FanController_INT.c ****         fanNum = FanController_TACH_ADDR_CONTROL_REG & FanController_TACH_CNTL_NUM_FANS_MASK;
  33              		.loc 1 54 0
  34 0000 1E4B     		ldr	r3, .L8
  35 0002 1A78     		ldrb	r2, [r3]
  36 0004 0F23     		movs	r3, #15
  37 0006 1340     		ands	r3, r2
  38              	.LVL0:
  55:Generated_Source\PSoC4/FanController_INT.c ****         
  56:Generated_Source\PSoC4/FanController_INT.c ****         /* Get measured actual speed period for a specific fan */
  57:Generated_Source\PSoC4/FanController_INT.c ****         actSpeed = CY_GET_REG16(FanController_TACH_STORED_ACT_PERIOD_PTR);
  39              		.loc 1 57 0
  40 0008 1D4A     		ldr	r2, .L8+4
  41 000a 1288     		ldrh	r2, [r2]
  42 000c 92B2     		uxth	r2, r2
  43              	.LVL1:
  58:Generated_Source\PSoC4/FanController_INT.c ****         
  59:Generated_Source\PSoC4/FanController_INT.c ****         /* Put down the measured speed to the proper location in RAM */
  60:Generated_Source\PSoC4/FanController_INT.c ****         FanController_fanControl.actualPeriod[fanNum] = actSpeed;
  44              		.loc 1 60 0
  45 000e 5800     		lsls	r0, r3, #1
  46 0010 1C49     		ldr	r1, .L8+8
  47 0012 4252     		strh	r2, [r0, r1]
  61:Generated_Source\PSoC4/FanController_INT.c **** 
  62:Generated_Source\PSoC4/FanController_INT.c ****         /* Software stall detection */
  63:Generated_Source\PSoC4/FanController_INT.c ****         if(0u == actSpeed)
  48              		.loc 1 63 0
  49 0014 002A     		cmp	r2, #0
  50 0016 05D1     		bne	.L2
  64:Generated_Source\PSoC4/FanController_INT.c ****         {
ARM GAS  C:\Users\Ade0n\AppData\Local\Temp\ccbVSGUB.s 			page 3


  65:Generated_Source\PSoC4/FanController_INT.c ****             FanController_stallStatus |= (uint16) ((((uint16) 1u) << fanNum));
  51              		.loc 1 65 0
  52 0018 0132     		adds	r2, r2, #1
  53              	.LVL2:
  54 001a 9A40     		lsls	r2, r2, r3
  55 001c 1A49     		ldr	r1, .L8+12
  56              	.LVL3:
  57 001e 0888     		ldrh	r0, [r1]
  58              	.LVL4:
  59 0020 0243     		orrs	r2, r0
  60 0022 0A80     		strh	r2, [r1]
  61              	.L2:
  66:Generated_Source\PSoC4/FanController_INT.c ****         }
  67:Generated_Source\PSoC4/FanController_INT.c **** 
  68:Generated_Source\PSoC4/FanController_INT.c ****         /* Calculate the new fan number value */
  69:Generated_Source\PSoC4/FanController_INT.c ****         fanNum = ((fanNum == 0u) ? ((uint8)(FanController_NUMBER_OF_FANS - 1u)) : (fanNum - 1u));
  62              		.loc 1 69 0
  63 0024 002B     		cmp	r3, #0
  64 0026 02D0     		beq	.L6
  65              		.loc 1 69 0 is_stmt 0 discriminator 1
  66 0028 013B     		subs	r3, r3, #1
  67              	.LVL5:
  68 002a DBB2     		uxtb	r3, r3
  69              	.LVL6:
  70 002c 00E0     		b	.L3
  71              	.LVL7:
  72              	.L6:
  73              		.loc 1 69 0
  74 002e 0323     		movs	r3, #3
  75              	.LVL8:
  76              	.L3:
  70:Generated_Source\PSoC4/FanController_INT.c ****         
  71:Generated_Source\PSoC4/FanController_INT.c ****         /* Clear the previous fan number value in the control register */
  72:Generated_Source\PSoC4/FanController_INT.c ****         FanController_TACH_ADDR_CONTROL_REG &= ((uint8) ~FanController_TACH_CNTL_NUM_FANS_MASK);
  77              		.loc 1 72 0 is_stmt 1 discriminator 4
  78 0030 124A     		ldr	r2, .L8
  79 0032 1178     		ldrb	r1, [r2]
  80 0034 0F20     		movs	r0, #15
  81 0036 8143     		bics	r1, r0
  82 0038 1170     		strb	r1, [r2]
  73:Generated_Source\PSoC4/FanController_INT.c **** 
  74:Generated_Source\PSoC4/FanController_INT.c ****         /* Set new fan number value and End-Of-Measurement bit if required */
  75:Generated_Source\PSoC4/FanController_INT.c ****         FanController_TACH_ADDR_CONTROL_REG |= 
  83              		.loc 1 75 0 discriminator 4
  84 003a 1278     		ldrb	r2, [r2]
  85 003c D1B2     		uxtb	r1, r2
  86 003e 032B     		cmp	r3, #3
  87 0040 01D1     		bne	.L7
  88              		.loc 1 75 0 is_stmt 0
  89 0042 8022     		movs	r2, #128
  90 0044 00E0     		b	.L4
  91              	.L7:
  92 0046 0022     		movs	r2, #0
  93              	.L4:
  94              		.loc 1 75 0 discriminator 4
  95 0048 1A43     		orrs	r2, r3
  96 004a 0A43     		orrs	r2, r1
ARM GAS  C:\Users\Ade0n\AppData\Local\Temp\ccbVSGUB.s 			page 4


  97 004c 0B49     		ldr	r1, .L8
  98 004e 0A70     		strb	r2, [r1]
  76:Generated_Source\PSoC4/FanController_INT.c ****                 fanNum | ((fanNum == ((uint8)(FanController_NUMBER_OF_FANS - 1u))) ? FanController_
  77:Generated_Source\PSoC4/FanController_INT.c **** 
  78:Generated_Source\PSoC4/FanController_INT.c ****         /* In case if the last fan in the sequence was measured it is required
  79:Generated_Source\PSoC4/FanController_INT.c ****         * to generate the "eoc" pulse from Global Control Register.
  80:Generated_Source\PSoC4/FanController_INT.c ****         */
  81:Generated_Source\PSoC4/FanController_INT.c ****         if(((uint8)(FanController_NUMBER_OF_FANS - 1u)) == fanNum)
  99              		.loc 1 81 0 is_stmt 1 discriminator 4
 100 0050 032B     		cmp	r3, #3
 101 0052 12D1     		bne	.L1
  82:Generated_Source\PSoC4/FanController_INT.c ****         {
  83:Generated_Source\PSoC4/FanController_INT.c ****             FanController_GLOBAL_CONTROL_REG |= FanController_SW_EOC;
 102              		.loc 1 83 0
 103 0054 0D4A     		ldr	r2, .L8+16
 104 0056 1178     		ldrb	r1, [r2]
 105 0058 0823     		movs	r3, #8
 106              	.LVL9:
 107 005a 0B43     		orrs	r3, r1
 108 005c DBB2     		uxtb	r3, r3
 109 005e 1370     		strb	r3, [r2]
  84:Generated_Source\PSoC4/FanController_INT.c ****             
  85:Generated_Source\PSoC4/FanController_INT.c ****             /* Also set stall bit in Global Control Register if any of the fans were stalled */
  86:Generated_Source\PSoC4/FanController_INT.c ****             if (0u != (FanController_stallStatus & FanController_alertMask))
 110              		.loc 1 86 0
 111 0060 094B     		ldr	r3, .L8+12
 112 0062 1B88     		ldrh	r3, [r3]
 113 0064 0A4A     		ldr	r2, .L8+20
 114 0066 1288     		ldrh	r2, [r2]
 115 0068 1A42     		tst	r2, r3
 116 006a 06D0     		beq	.L1
  87:Generated_Source\PSoC4/FanController_INT.c ****             {
  88:Generated_Source\PSoC4/FanController_INT.c ****                 FanController_GLOBAL_CONTROL_REG |= FanController_SW_STALL;
 117              		.loc 1 88 0
 118 006c 074A     		ldr	r2, .L8+16
 119 006e 1178     		ldrb	r1, [r2]
 120 0070 8023     		movs	r3, #128
 121 0072 5B42     		rsbs	r3, r3, #0
 122 0074 0B43     		orrs	r3, r1
 123 0076 DBB2     		uxtb	r3, r3
 124 0078 1370     		strb	r3, [r2]
 125              	.L1:
  89:Generated_Source\PSoC4/FanController_INT.c ****             }
  90:Generated_Source\PSoC4/FanController_INT.c ****         }
  91:Generated_Source\PSoC4/FanController_INT.c ****         
  92:Generated_Source\PSoC4/FanController_INT.c ****         #ifdef FanController_DATA_SEND_ISR_EXIT_CALLBACK
  93:Generated_Source\PSoC4/FanController_INT.c ****             FanController_DATA_SEND_ISR_ExitCallback();
  94:Generated_Source\PSoC4/FanController_INT.c ****         #endif /* FanController_DATA_SEND_ISR_EXIT_CALLBACK */
  95:Generated_Source\PSoC4/FanController_INT.c ****     }
 126              		.loc 1 95 0
 127              		@ sp needed
 128 007a 7047     		bx	lr
 129              	.L9:
 130              		.align	2
 131              	.L8:
 132 007c 71000F40 		.word	1074724977
 133 0080 80100F40 		.word	1074729088
ARM GAS  C:\Users\Ade0n\AppData\Local\Temp\ccbVSGUB.s 			page 5


 134 0084 00000000 		.word	FanController_fanControl
 135 0088 00000000 		.word	FanController_stallStatus
 136 008c 72000F40 		.word	1074724978
 137 0090 00000000 		.word	FanController_alertMask
 138              		.cfi_endproc
 139              	.LFE2:
 140              		.size	FanController_DATA_SEND_ISR, .-FanController_DATA_SEND_ISR
 141              		.global	__aeabi_uidiv
 142              		.section	.text.FanController_PID_CONTROL_ISR,"ax",%progbits
 143              		.align	2
 144              		.global	FanController_PID_CONTROL_ISR
 145              		.code	16
 146              		.thumb_func
 147              		.type	FanController_PID_CONTROL_ISR, %function
 148              	FanController_PID_CONTROL_ISR:
 149              	.LFB3:
  96:Generated_Source\PSoC4/FanController_INT.c **** #endif /* (CY_PSOC4) */
  97:Generated_Source\PSoC4/FanController_INT.c **** 
  98:Generated_Source\PSoC4/FanController_INT.c **** 
  99:Generated_Source\PSoC4/FanController_INT.c **** #if(FanController_IS_AUTO_FIRMWARE_MODE)
 100:Generated_Source\PSoC4/FanController_INT.c ****     /*******************************************************************************
 101:Generated_Source\PSoC4/FanController_INT.c ****     *
 102:Generated_Source\PSoC4/FanController_INT.c ****     * Summary:
 103:Generated_Source\PSoC4/FanController_INT.c ****     *  Interrupt Service Routine for implementation of PID Firmware Controlling
 104:Generated_Source\PSoC4/FanController_INT.c ****     *  algorithm.
 105:Generated_Source\PSoC4/FanController_INT.c ****     *
 106:Generated_Source\PSoC4/FanController_INT.c ****     * Parameters:
 107:Generated_Source\PSoC4/FanController_INT.c ****     *  None
 108:Generated_Source\PSoC4/FanController_INT.c ****     *
 109:Generated_Source\PSoC4/FanController_INT.c ****     * Return:
 110:Generated_Source\PSoC4/FanController_INT.c ****     *  None
 111:Generated_Source\PSoC4/FanController_INT.c ****     *
 112:Generated_Source\PSoC4/FanController_INT.c ****     * Reentrant:
 113:Generated_Source\PSoC4/FanController_INT.c ****     *  No
 114:Generated_Source\PSoC4/FanController_INT.c ****     *
 115:Generated_Source\PSoC4/FanController_INT.c ****     * Theory:
 116:Generated_Source\PSoC4/FanController_INT.c ****     *  PID interrupt occurs in constant periods of time that is configured through
 117:Generated_Source\PSoC4/FanController_INT.c ****     *  the component customizer.
 118:Generated_Source\PSoC4/FanController_INT.c ****     *
 119:Generated_Source\PSoC4/FanController_INT.c ****     *******************************************************************************/
 120:Generated_Source\PSoC4/FanController_INT.c ****     CY_ISR(FanController_PID_CONTROL_ISR)
 121:Generated_Source\PSoC4/FanController_INT.c ****     {
 150              		.loc 1 121 0
 151              		.cfi_startproc
 152              		@ args = 0, pretend = 0, frame = 0
 153              		@ frame_needed = 0, uses_anonymous_args = 0
 154 0000 F0B5     		push	{r4, r5, r6, r7, lr}
 155              		.cfi_def_cfa_offset 20
 156              		.cfi_offset 4, -20
 157              		.cfi_offset 5, -16
 158              		.cfi_offset 6, -12
 159              		.cfi_offset 7, -8
 160              		.cfi_offset 14, -4
 161 0002 5746     		mov	r7, r10
 162 0004 4E46     		mov	r6, r9
 163 0006 4546     		mov	r5, r8
 164 0008 E0B4     		push	{r5, r6, r7}
ARM GAS  C:\Users\Ade0n\AppData\Local\Temp\ccbVSGUB.s 			page 6


 165              		.cfi_def_cfa_offset 32
 166              		.cfi_offset 8, -32
 167              		.cfi_offset 9, -28
 168              		.cfi_offset 10, -24
 169              	.LVL10:
 122:Generated_Source\PSoC4/FanController_INT.c ****         uint8 i;
 123:Generated_Source\PSoC4/FanController_INT.c ****         int16 pidErrorZ0;
 124:Generated_Source\PSoC4/FanController_INT.c ****         uint32 newCompare;
 125:Generated_Source\PSoC4/FanController_INT.c ****         int16 periodError;
 126:Generated_Source\PSoC4/FanController_INT.c ****         uint32 currActSpeed;
 127:Generated_Source\PSoC4/FanController_INT.c ****         uint32 tmpCompare;
 128:Generated_Source\PSoC4/FanController_INT.c ****         uint16 mask;
 129:Generated_Source\PSoC4/FanController_INT.c **** 
 130:Generated_Source\PSoC4/FanController_INT.c ****         /***************************************
 131:Generated_Source\PSoC4/FanController_INT.c ****         *   PID Parameters
 132:Generated_Source\PSoC4/FanController_INT.c ****         ***************************************/
 133:Generated_Source\PSoC4/FanController_INT.c ****         /* The error history */
 134:Generated_Source\PSoC4/FanController_INT.c ****         static int16 FanController_pidErrorZ1[FanController_NUMBER_OF_FANS] = {0};
 135:Generated_Source\PSoC4/FanController_INT.c ****         static int16 FanController_pidErrorZ2[FanController_NUMBER_OF_FANS] = {0};
 136:Generated_Source\PSoC4/FanController_INT.c **** 
 137:Generated_Source\PSoC4/FanController_INT.c ****         /* The compensator integrator */
 138:Generated_Source\PSoC4/FanController_INT.c ****         static uint32 FanController_pidArea[FanController_NUMBER_OF_FANS] = {0u};
 139:Generated_Source\PSoC4/FanController_INT.c **** 
 140:Generated_Source\PSoC4/FanController_INT.c ****         /* Holds result of PID algorithm execution for currently active fan */
 141:Generated_Source\PSoC4/FanController_INT.c ****         static uint16 FanController_pidOut;
 142:Generated_Source\PSoC4/FanController_INT.c **** 
 143:Generated_Source\PSoC4/FanController_INT.c ****         /* Fans speed regulation counters */
 144:Generated_Source\PSoC4/FanController_INT.c ****         static uint8 FanController_spdErrCount[FanController_NUMBER_OF_FANS] = {0u};
 145:Generated_Source\PSoC4/FanController_INT.c **** 
 146:Generated_Source\PSoC4/FanController_INT.c ****         #ifdef FanController_PID_CONTROL_ISR_ENTRY_CALLBACK
 147:Generated_Source\PSoC4/FanController_INT.c ****             FanController_PID_CONTROL_ISR_EntryCallback();
 148:Generated_Source\PSoC4/FanController_INT.c ****         #endif /* FanController_PID_CONTROL_ISR_ENTRY_CALLBACK */
 149:Generated_Source\PSoC4/FanController_INT.c ****         
 150:Generated_Source\PSoC4/FanController_INT.c ****         for(i = 0u; i < FanController_NUMBER_OF_FANS; i++)
 170              		.loc 1 150 0
 171 000a 0025     		movs	r5, #0
 172 000c 91E0     		b	.L11
 173              	.LVL11:
 174              	.L20:
 151:Generated_Source\PSoC4/FanController_INT.c ****         {
 152:Generated_Source\PSoC4/FanController_INT.c ****             /* Calculate the error in number of cycles of tachometer clock */
 153:Generated_Source\PSoC4/FanController_INT.c ****             #if(CY_PSOC3)
 154:Generated_Source\PSoC4/FanController_INT.c ****                 if(0u != (FanController_DMA_STATUS_REG & FanController_DMA1))
 155:Generated_Source\PSoC4/FanController_INT.c ****                 {
 156:Generated_Source\PSoC4/FanController_INT.c ****                     /* If DMA writes to actualPeriodDma1 (DMA1 state) then read actualPeriodDma2. *
 157:Generated_Source\PSoC4/FanController_INT.c ****                     currActSpeed =
 158:Generated_Source\PSoC4/FanController_INT.c ****                         (FanController_RPM_PERIOD_CONV_FACTOR / FanController_fanControl.actualPeri
 159:Generated_Source\PSoC4/FanController_INT.c ****                 }
 160:Generated_Source\PSoC4/FanController_INT.c ****                 else
 161:Generated_Source\PSoC4/FanController_INT.c ****                 {
 162:Generated_Source\PSoC4/FanController_INT.c ****                     /* If DMA writes to actualPeriodDma2 (DMA2 state) then read actualPeriodDma1. *
 163:Generated_Source\PSoC4/FanController_INT.c ****                     currActSpeed =
 164:Generated_Source\PSoC4/FanController_INT.c ****                         (FanController_RPM_PERIOD_CONV_FACTOR / FanController_fanControl.actualPeri
 165:Generated_Source\PSoC4/FanController_INT.c ****                 }
 166:Generated_Source\PSoC4/FanController_INT.c ****             #else
 167:Generated_Source\PSoC4/FanController_INT.c ****                currActSpeed =
 168:Generated_Source\PSoC4/FanController_INT.c ****                     (FanController_RPM_PERIOD_CONV_FACTOR / (uint32)FanController_fanControl.actual
ARM GAS  C:\Users\Ade0n\AppData\Local\Temp\ccbVSGUB.s 			page 7


 175              		.loc 1 168 0
 176 000e 2C00     		movs	r4, r5
 177 0010 6E00     		lsls	r6, r5, #1
 178 0012 514B     		ldr	r3, .L24
 179 0014 F15A     		ldrh	r1, [r6, r3]
 167:Generated_Source\PSoC4/FanController_INT.c ****                     (FanController_RPM_PERIOD_CONV_FACTOR / (uint32)FanController_fanControl.actual
 180              		.loc 1 167 0
 181 0016 5148     		ldr	r0, .L24+4
 182 0018 FFF7FEFF 		bl	__aeabi_uidiv
 183              	.LVL12:
 169:Generated_Source\PSoC4/FanController_INT.c ****             #endif /* (CY_PSOC3) */
 170:Generated_Source\PSoC4/FanController_INT.c **** 
 171:Generated_Source\PSoC4/FanController_INT.c ****             periodError = (int16) ((int32) FanController_desiredFansSpeed[i] - (int32) currActSpeed
 184              		.loc 1 171 0
 185 001c 504B     		ldr	r3, .L24+8
 186 001e F35A     		ldrh	r3, [r6, r3]
 187 0020 1B1A     		subs	r3, r3, r0
 188 0022 1BB2     		sxth	r3, r3
 189              	.LVL13:
 172:Generated_Source\PSoC4/FanController_INT.c **** 
 173:Generated_Source\PSoC4/FanController_INT.c ****             /* The error in RPM */
 174:Generated_Source\PSoC4/FanController_INT.c ****             pidErrorZ0 = periodError;
 175:Generated_Source\PSoC4/FanController_INT.c **** 
 176:Generated_Source\PSoC4/FanController_INT.c ****             /* Saturate... Limit the error within the design range of the compensator */
 177:Generated_Source\PSoC4/FanController_INT.c ****             if(FanController_PID_ERROR_SAT_L > pidErrorZ0)
 190              		.loc 1 177 0
 191 0024 4F4A     		ldr	r2, .L24+12
 192 0026 9342     		cmp	r3, r2
 193 0028 04DB     		blt	.L22
 178:Generated_Source\PSoC4/FanController_INT.c ****             {
 179:Generated_Source\PSoC4/FanController_INT.c ****                 pidErrorZ0 = FanController_PID_ERROR_SAT_L;
 180:Generated_Source\PSoC4/FanController_INT.c ****             }
 181:Generated_Source\PSoC4/FanController_INT.c ****             else if(FanController_PID_ERROR_SAT_H < pidErrorZ0)
 194              		.loc 1 181 0
 195 002a 8022     		movs	r2, #128
 196 002c 5201     		lsls	r2, r2, #5
 197 002e 9342     		cmp	r3, r2
 198 0030 02DC     		bgt	.L23
 199 0032 03E0     		b	.L12
 200              	.L22:
 179:Generated_Source\PSoC4/FanController_INT.c ****             }
 201              		.loc 1 179 0
 202 0034 4B4B     		ldr	r3, .L24+12
 203              	.LVL14:
 204 0036 01E0     		b	.L12
 205              	.LVL15:
 206              	.L23:
 182:Generated_Source\PSoC4/FanController_INT.c ****             {
 183:Generated_Source\PSoC4/FanController_INT.c ****                 pidErrorZ0 = FanController_PID_ERROR_SAT_H;
 207              		.loc 1 183 0
 208 0038 8023     		movs	r3, #128
 209              	.LVL16:
 210 003a 5B01     		lsls	r3, r3, #5
 211              	.L12:
 212              	.LVL17:
 184:Generated_Source\PSoC4/FanController_INT.c ****             }
 185:Generated_Source\PSoC4/FanController_INT.c ****             else
ARM GAS  C:\Users\Ade0n\AppData\Local\Temp\ccbVSGUB.s 			page 8


 186:Generated_Source\PSoC4/FanController_INT.c ****             {
 187:Generated_Source\PSoC4/FanController_INT.c ****                 /* Do nothing, the error is in range */
 188:Generated_Source\PSoC4/FanController_INT.c ****             }
 189:Generated_Source\PSoC4/FanController_INT.c **** 
 190:Generated_Source\PSoC4/FanController_INT.c ****             /* Process PID compensation */
 191:Generated_Source\PSoC4/FanController_INT.c ****             FanController_pidArea[i] = (uint32) ((int32) FanController_pidArea[i] +
 213              		.loc 1 191 0
 214 003c 4A4A     		ldr	r2, .L24+16
 215 003e 9046     		mov	r8, r2
 216 0040 A200     		lsls	r2, r4, #2
 217 0042 9446     		mov	ip, r2
 192:Generated_Source\PSoC4/FanController_INT.c ****                                             ((int32) pidErrorZ0 * (int32) FanController_pidA1[i]));
 218              		.loc 1 192 0
 219 0044 6700     		lsls	r7, r4, #1
 220 0046 494A     		ldr	r2, .L24+20
 221 0048 B95E     		ldrsh	r1, [r7, r2]
 222 004a 5943     		muls	r1, r3
 191:Generated_Source\PSoC4/FanController_INT.c ****                                             ((int32) pidErrorZ0 * (int32) FanController_pidA1[i]));
 223              		.loc 1 191 0
 224 004c 4246     		mov	r2, r8
 225 004e 6646     		mov	r6, ip
 226              	.LVL18:
 227 0050 B258     		ldr	r2, [r6, r2]
 228 0052 9146     		mov	r9, r2
 229 0054 4944     		add	r1, r1, r9
 193:Generated_Source\PSoC4/FanController_INT.c ****             FanController_pidArea[i] = (uint32) ((int32) FanController_pidArea[i] +
 194:Generated_Source\PSoC4/FanController_INT.c ****                                             ((int32) FanController_pidErrorZ1[i] *
 230              		.loc 1 194 0
 231 0056 B946     		mov	r9, r7
 232 0058 C144     		add	r9, r9, r8
 233 005a 4A46     		mov	r2, r9
 234 005c 1026     		movs	r6, #16
 235 005e 925F     		ldrsh	r2, [r2, r6]
 236 0060 9246     		mov	r10, r2
 195:Generated_Source\PSoC4/FanController_INT.c ****                                             (int32) FanController_pidA2[i]));
 237              		.loc 1 195 0
 238 0062 434A     		ldr	r2, .L24+24
 239 0064 BA5E     		ldrsh	r2, [r7, r2]
 194:Generated_Source\PSoC4/FanController_INT.c ****                                             (int32) FanController_pidA2[i]));
 240              		.loc 1 194 0
 241 0066 5646     		mov	r6, r10
 242 0068 7243     		muls	r2, r6
 193:Generated_Source\PSoC4/FanController_INT.c ****             FanController_pidArea[i] = (uint32) ((int32) FanController_pidArea[i] +
 243              		.loc 1 193 0
 244 006a 8918     		adds	r1, r1, r2
 196:Generated_Source\PSoC4/FanController_INT.c ****             FanController_pidArea[i] = (uint32) ((int32) FanController_pidArea[i] +
 197:Generated_Source\PSoC4/FanController_INT.c ****                                             ((int32) FanController_pidErrorZ2[i] *
 245              		.loc 1 197 0
 246 006c 4A46     		mov	r2, r9
 247 006e 1826     		movs	r6, #24
 248 0070 925F     		ldrsh	r2, [r2, r6]
 198:Generated_Source\PSoC4/FanController_INT.c ****                                             (int32) FanController_pidA3[i]));
 249              		.loc 1 198 0
 250 0072 404E     		ldr	r6, .L24+28
 251 0074 BE5F     		ldrsh	r6, [r7, r6]
 197:Generated_Source\PSoC4/FanController_INT.c ****                                             (int32) FanController_pidA3[i]));
 252              		.loc 1 197 0
ARM GAS  C:\Users\Ade0n\AppData\Local\Temp\ccbVSGUB.s 			page 9


 253 0076 5643     		muls	r6, r2
 196:Generated_Source\PSoC4/FanController_INT.c ****             FanController_pidArea[i] = (uint32) ((int32) FanController_pidArea[i] +
 254              		.loc 1 196 0
 255 0078 8A19     		adds	r2, r1, r6
 256 007a 4146     		mov	r1, r8
 257 007c 6646     		mov	r6, ip
 258 007e 7250     		str	r2, [r6, r1]
 199:Generated_Source\PSoC4/FanController_INT.c **** 
 200:Generated_Source\PSoC4/FanController_INT.c ****             /* Save error history */
 201:Generated_Source\PSoC4/FanController_INT.c ****             FanController_pidErrorZ2[i] = FanController_pidErrorZ1[i];
 259              		.loc 1 201 0
 260 0080 4946     		mov	r1, r9
 261 0082 5646     		mov	r6, r10
 262 0084 0E83     		strh	r6, [r1, #24]
 202:Generated_Source\PSoC4/FanController_INT.c ****             FanController_pidErrorZ1[i] = pidErrorZ0;
 263              		.loc 1 202 0
 264 0086 0B82     		strh	r3, [r1, #16]
 203:Generated_Source\PSoC4/FanController_INT.c **** 
 204:Generated_Source\PSoC4/FanController_INT.c ****             /* Saturate... Limit the error within the design range of the compensator */
 205:Generated_Source\PSoC4/FanController_INT.c ****             if(((int32) FanController_outputSatL[i]) > ((int32) FanController_pidArea[i]))
 265              		.loc 1 205 0
 266 0088 3B4B     		ldr	r3, .L24+32
 267              	.LVL19:
 268 008a 6146     		mov	r1, ip
 269              	.LVL20:
 270 008c CB58     		ldr	r3, [r1, r3]
 271 008e 9A42     		cmp	r2, r3
 272 0090 03DA     		bge	.L13
 206:Generated_Source\PSoC4/FanController_INT.c ****             {
 207:Generated_Source\PSoC4/FanController_INT.c ****                 FanController_pidArea[i] = FanController_outputSatL[i];
 273              		.loc 1 207 0
 274 0092 6246     		mov	r2, ip
 275 0094 4146     		mov	r1, r8
 276 0096 5350     		str	r3, [r2, r1]
 277 0098 07E0     		b	.L14
 278              	.L13:
 208:Generated_Source\PSoC4/FanController_INT.c ****             }
 209:Generated_Source\PSoC4/FanController_INT.c ****             else if(((int32) FanController_outputSatH[i]) < ((int32) FanController_pidArea[i]))
 279              		.loc 1 209 0
 280 009a A300     		lsls	r3, r4, #2
 281 009c 3749     		ldr	r1, .L24+36
 282 009e 5B58     		ldr	r3, [r3, r1]
 283 00a0 9A42     		cmp	r2, r3
 284 00a2 02DD     		ble	.L14
 210:Generated_Source\PSoC4/FanController_INT.c ****             {
 211:Generated_Source\PSoC4/FanController_INT.c ****                 FanController_pidArea[i] = FanController_outputSatH[i];
 285              		.loc 1 211 0
 286 00a4 A200     		lsls	r2, r4, #2
 287 00a6 3049     		ldr	r1, .L24+16
 288 00a8 5350     		str	r3, [r2, r1]
 289              	.L14:
 212:Generated_Source\PSoC4/FanController_INT.c ****             }
 213:Generated_Source\PSoC4/FanController_INT.c ****             else
 214:Generated_Source\PSoC4/FanController_INT.c ****             {
 215:Generated_Source\PSoC4/FanController_INT.c ****                 /* Do nothing, the error is in range */
 216:Generated_Source\PSoC4/FanController_INT.c ****             }
 217:Generated_Source\PSoC4/FanController_INT.c **** 
ARM GAS  C:\Users\Ade0n\AppData\Local\Temp\ccbVSGUB.s 			page 10


 218:Generated_Source\PSoC4/FanController_INT.c ****             /* Get the algorithm result */
 219:Generated_Source\PSoC4/FanController_INT.c ****             FanController_pidOut = (uint16) (FanController_pidArea[i] >> FanController_PID_POST_GAI
 290              		.loc 1 219 0
 291 00aa A300     		lsls	r3, r4, #2
 292 00ac 2E4A     		ldr	r2, .L24+16
 293 00ae 9A58     		ldr	r2, [r3, r2]
 294 00b0 120D     		lsrs	r2, r2, #20
 220:Generated_Source\PSoC4/FanController_INT.c **** 
 221:Generated_Source\PSoC4/FanController_INT.c ****             #if (!CY_PSOC4)
 222:Generated_Source\PSoC4/FanController_INT.c ****                 /* Get compare from UDB PWMs */
 223:Generated_Source\PSoC4/FanController_INT.c ****                 #if(FanController_PWMRES == FanController_PWMRES_EIGHTBIT)
 224:Generated_Source\PSoC4/FanController_INT.c ****                     tmpCompare = CY_GET_REG8(FanController_fanDriverRegs[i].pwmSetDutyReg);
 225:Generated_Source\PSoC4/FanController_INT.c ****                 #else
 226:Generated_Source\PSoC4/FanController_INT.c ****                     tmpCompare = CY_GET_REG16(FanController_fanDriverRegs[i].pwmSetDutyReg);
 227:Generated_Source\PSoC4/FanController_INT.c ****                 #endif /* FanController_PWMRES == FanController_PWMRES_EIGHTBIT */
 228:Generated_Source\PSoC4/FanController_INT.c ****             #else
 229:Generated_Source\PSoC4/FanController_INT.c ****                 /* Get compare from TCPWMs */
 230:Generated_Source\PSoC4/FanController_INT.c ****                 tmpCompare = CY_GET_REG32(FanController_fanDriverRegs[i].pwmSetDutyReg);
 295              		.loc 1 230 0
 296 00b2 3349     		ldr	r1, .L24+40
 297 00b4 5958     		ldr	r1, [r3, r1]
 298 00b6 0B68     		ldr	r3, [r1]
 299              	.LVL21:
 231:Generated_Source\PSoC4/FanController_INT.c ****             #endif /* (!CY_PSOC4) */
 232:Generated_Source\PSoC4/FanController_INT.c **** 
 233:Generated_Source\PSoC4/FanController_INT.c ****             /* Assign new compare value for fas' PWM with PID out */
 234:Generated_Source\PSoC4/FanController_INT.c ****             newCompare = FanController_pidOut;
 235:Generated_Source\PSoC4/FanController_INT.c **** 
 236:Generated_Source\PSoC4/FanController_INT.c ****             if (0u == (FanController_GLOBAL_CONTROL_REG & FanController_OVERRIDE))
 300              		.loc 1 236 0
 301 00b8 324E     		ldr	r6, .L24+44
 302 00ba 3678     		ldrb	r6, [r6]
 303 00bc 7606     		lsls	r6, r6, #25
 304 00be 00D4     		bmi	.L15
 237:Generated_Source\PSoC4/FanController_INT.c ****             {
 238:Generated_Source\PSoC4/FanController_INT.c ****                 /* If override bit is cleared then set the newly tuned compare value */
 239:Generated_Source\PSoC4/FanController_INT.c ****                 #if (!CY_PSOC4)
 240:Generated_Source\PSoC4/FanController_INT.c ****                     #if(FanController_PWMRES == FanController_PWMRES_EIGHTBIT)
 241:Generated_Source\PSoC4/FanController_INT.c ****                         CY_SET_REG8(FanController_fanDriverRegs[i].pwmSetDutyReg, (uint8) newCompar
 242:Generated_Source\PSoC4/FanController_INT.c ****                     #else
 243:Generated_Source\PSoC4/FanController_INT.c ****                         CY_SET_REG16(FanController_fanDriverRegs[i].pwmSetDutyReg, (uint16) newComp
 244:Generated_Source\PSoC4/FanController_INT.c ****                     #endif /* FanController_PWMRES == FanController_PWMRES_EIGHTBIT */
 245:Generated_Source\PSoC4/FanController_INT.c ****                 #else
 246:Generated_Source\PSoC4/FanController_INT.c ****                     CY_SET_REG32(FanController_fanDriverRegs[i].pwmSetDutyReg, newCompare);
 305              		.loc 1 246 0
 306 00c0 0A60     		str	r2, [r1]
 307              	.LVL22:
 308              	.L15:
 247:Generated_Source\PSoC4/FanController_INT.c ****                 #endif /* (!CY_PSOC4) */
 248:Generated_Source\PSoC4/FanController_INT.c ****             }
 249:Generated_Source\PSoC4/FanController_INT.c **** 
 250:Generated_Source\PSoC4/FanController_INT.c ****             /*************************************
 251:Generated_Source\PSoC4/FanController_INT.c ****             * Speed regulation status
 252:Generated_Source\PSoC4/FanController_INT.c ****             **************************************/
 253:Generated_Source\PSoC4/FanController_INT.c ****             /* Analyze compare and result from PID */
 254:Generated_Source\PSoC4/FanController_INT.c ****             if ((FanController_PWM_PERIOD == tmpCompare) &&
 309              		.loc 1 254 0
ARM GAS  C:\Users\Ade0n\AppData\Local\Temp\ccbVSGUB.s 			page 11


 310 00c2 F022     		movs	r2, #240
 311              	.LVL23:
 312 00c4 9200     		lsls	r2, r2, #2
 313 00c6 9342     		cmp	r3, r2
 314 00c8 0BD1     		bne	.L16
 255:Generated_Source\PSoC4/FanController_INT.c ****                 (currActSpeed < FanController_desiredFansSpeed[i]))
 315              		.loc 1 255 0 discriminator 1
 316 00ca 6200     		lsls	r2, r4, #1
 317 00cc 2449     		ldr	r1, .L24+8
 318 00ce 525A     		ldrh	r2, [r2, r1]
 254:Generated_Source\PSoC4/FanController_INT.c ****                 (currActSpeed < FanController_desiredFansSpeed[i]))
 319              		.loc 1 254 0 discriminator 1
 320 00d0 9042     		cmp	r0, r2
 321 00d2 06D2     		bcs	.L16
 256:Generated_Source\PSoC4/FanController_INT.c ****             {
 257:Generated_Source\PSoC4/FanController_INT.c ****                 /* Increase speed failure counter */
 258:Generated_Source\PSoC4/FanController_INT.c ****                 FanController_spdErrCount[i]++;
 322              		.loc 1 258 0
 323 00d4 2021     		movs	r1, #32
 324 00d6 244B     		ldr	r3, .L24+16
 325              	.LVL24:
 326 00d8 1B19     		adds	r3, r3, r4
 327 00da 5A5C     		ldrb	r2, [r3, r1]
 328 00dc 0132     		adds	r2, r2, #1
 329 00de 5A54     		strb	r2, [r3, r1]
 330 00e0 17E0     		b	.L17
 331              	.LVL25:
 332              	.L16:
 259:Generated_Source\PSoC4/FanController_INT.c ****             }
 260:Generated_Source\PSoC4/FanController_INT.c ****             else if ((0u == tmpCompare) &&
 333              		.loc 1 260 0
 334 00e2 002B     		cmp	r3, #0
 335 00e4 10D1     		bne	.L18
 261:Generated_Source\PSoC4/FanController_INT.c ****                 (currActSpeed > FanController_desiredFansSpeed[i]))
 336              		.loc 1 261 0 discriminator 1
 337 00e6 6300     		lsls	r3, r4, #1
 338              	.LVL26:
 339 00e8 1D4A     		ldr	r2, .L24+8
 340 00ea 9B5A     		ldrh	r3, [r3, r2]
 260:Generated_Source\PSoC4/FanController_INT.c ****                 (currActSpeed > FanController_desiredFansSpeed[i]))
 341              		.loc 1 260 0 discriminator 1
 342 00ec 9842     		cmp	r0, r3
 343 00ee 0BD9     		bls	.L18
 262:Generated_Source\PSoC4/FanController_INT.c ****             {
 263:Generated_Source\PSoC4/FanController_INT.c ****                 /* Avoid overflow */
 264:Generated_Source\PSoC4/FanController_INT.c ****                 if (FanController_spdErrCount[i] < FanController_MAX_SPEED_ERRORS)
 344              		.loc 1 264 0
 345 00f0 1D4B     		ldr	r3, .L24+16
 346 00f2 1B19     		adds	r3, r3, r4
 347 00f4 2022     		movs	r2, #32
 348 00f6 9B5C     		ldrb	r3, [r3, r2]
 349 00f8 FF2B     		cmp	r3, #255
 350 00fa 0AD0     		beq	.L17
 265:Generated_Source\PSoC4/FanController_INT.c ****                 {
 266:Generated_Source\PSoC4/FanController_INT.c ****                     /* Increase speed failure counter */
 267:Generated_Source\PSoC4/FanController_INT.c ****                     FanController_spdErrCount[i]++;
 351              		.loc 1 267 0
ARM GAS  C:\Users\Ade0n\AppData\Local\Temp\ccbVSGUB.s 			page 12


 352 00fc 1A4A     		ldr	r2, .L24+16
 353 00fe 1219     		adds	r2, r2, r4
 354 0100 0133     		adds	r3, r3, #1
 355 0102 2021     		movs	r1, #32
 356 0104 5354     		strb	r3, [r2, r1]
 357 0106 04E0     		b	.L17
 358              	.L18:
 268:Generated_Source\PSoC4/FanController_INT.c ****                 }
 269:Generated_Source\PSoC4/FanController_INT.c ****             }
 270:Generated_Source\PSoC4/FanController_INT.c ****             else
 271:Generated_Source\PSoC4/FanController_INT.c ****             {
 272:Generated_Source\PSoC4/FanController_INT.c ****                 /* Clear speed failure counter */
 273:Generated_Source\PSoC4/FanController_INT.c ****                 FanController_spdErrCount[i] = 0u;
 359              		.loc 1 273 0
 360 0108 174B     		ldr	r3, .L24+16
 361 010a 1B19     		adds	r3, r3, r4
 362 010c 0021     		movs	r1, #0
 363 010e 2022     		movs	r2, #32
 364 0110 9954     		strb	r1, [r3, r2]
 365              	.L17:
 274:Generated_Source\PSoC4/FanController_INT.c ****             }
 275:Generated_Source\PSoC4/FanController_INT.c **** 
 276:Generated_Source\PSoC4/FanController_INT.c ****             if (FanController_SPEED_ERRORS_TRESHOLD < FanController_spdErrCount[i])
 366              		.loc 1 276 0
 367 0112 154B     		ldr	r3, .L24+16
 368 0114 1B19     		adds	r3, r3, r4
 369 0116 2022     		movs	r2, #32
 370 0118 9B5C     		ldrb	r3, [r3, r2]
 371 011a 102B     		cmp	r3, #16
 372 011c 07D9     		bls	.L19
 277:Generated_Source\PSoC4/FanController_INT.c ****             {
 278:Generated_Source\PSoC4/FanController_INT.c ****                 /* The number of speed errors is above threshold so set the
 279:Generated_Source\PSoC4/FanController_INT.c ****                 * respective speed error bit in the software speed status but
 280:Generated_Source\PSoC4/FanController_INT.c ****                 * only if respective bit is set in the alert mask register.
 281:Generated_Source\PSoC4/FanController_INT.c ****                 */
 282:Generated_Source\PSoC4/FanController_INT.c ****                 mask = FanController_GetAlertMask();
 373              		.loc 1 282 0
 374 011e FFF7FEFF 		bl	FanController_GetAlertMask
 375              	.LVL27:
 283:Generated_Source\PSoC4/FanController_INT.c **** 
 284:Generated_Source\PSoC4/FanController_INT.c ****                 FanController_speedStatus = (uint16) ((((uint16) 1u) << i)) & mask;
 376              		.loc 1 284 0
 377 0122 0123     		movs	r3, #1
 378 0124 A340     		lsls	r3, r3, r4
 379 0126 1840     		ands	r0, r3
 380              	.LVL28:
 381 0128 80B2     		uxth	r0, r0
 382 012a 0F4B     		ldr	r3, .L24+16
 383 012c 9884     		strh	r0, [r3, #36]
 384              	.L19:
 150:Generated_Source\PSoC4/FanController_INT.c ****         {
 385              		.loc 1 150 0 discriminator 2
 386 012e 0135     		adds	r5, r5, #1
 387              	.LVL29:
 388 0130 EDB2     		uxtb	r5, r5
 389              	.LVL30:
 390              	.L11:
ARM GAS  C:\Users\Ade0n\AppData\Local\Temp\ccbVSGUB.s 			page 13


 150:Generated_Source\PSoC4/FanController_INT.c ****         {
 391              		.loc 1 150 0 is_stmt 0 discriminator 1
 392 0132 032D     		cmp	r5, #3
 393 0134 00D8     		bhi	.LCB367
 394 0136 6AE7     		b	.L20	@long jump
 395              	.LCB367:
 285:Generated_Source\PSoC4/FanController_INT.c ****             }
 286:Generated_Source\PSoC4/FanController_INT.c ****         }
 287:Generated_Source\PSoC4/FanController_INT.c **** 
 288:Generated_Source\PSoC4/FanController_INT.c ****         /* If software speed status register is not zero then simulate
 289:Generated_Source\PSoC4/FanController_INT.c ****         * hardware failure event. This will generate a pulse that goes to
 290:Generated_Source\PSoC4/FanController_INT.c ****         * Alert Status register.
 291:Generated_Source\PSoC4/FanController_INT.c ****         */
 292:Generated_Source\PSoC4/FanController_INT.c ****         if (0u !=FanController_speedStatus)
 396              		.loc 1 292 0 is_stmt 1
 397 0138 0B4B     		ldr	r3, .L24+16
 398 013a 9B8C     		ldrh	r3, [r3, #36]
 399 013c 9BB2     		uxth	r3, r3
 400 013e 002B     		cmp	r3, #0
 401 0140 05D0     		beq	.L10
 293:Generated_Source\PSoC4/FanController_INT.c ****         {
 294:Generated_Source\PSoC4/FanController_INT.c ****             FanController_GLOBAL_CONTROL_REG |= FanController_SW_SPEED_ERROR;
 402              		.loc 1 294 0
 403 0142 104A     		ldr	r2, .L24+44
 404 0144 1178     		ldrb	r1, [r2]
 405 0146 1023     		movs	r3, #16
 406 0148 0B43     		orrs	r3, r1
 407 014a DBB2     		uxtb	r3, r3
 408 014c 1370     		strb	r3, [r2]
 409              	.L10:
 295:Generated_Source\PSoC4/FanController_INT.c ****         }
 296:Generated_Source\PSoC4/FanController_INT.c **** 
 297:Generated_Source\PSoC4/FanController_INT.c ****         #ifdef FanController_PID_CONTROL_ISR_EXIT_CALLBACK
 298:Generated_Source\PSoC4/FanController_INT.c ****             FanController_PID_CONTROL_ISR_ExitCallback();
 299:Generated_Source\PSoC4/FanController_INT.c ****         #endif /* FanController_PID_CONTROL_ISR_EXIT_CALLBACK */
 300:Generated_Source\PSoC4/FanController_INT.c ****     }
 410              		.loc 1 300 0
 411              		@ sp needed
 412              	.LVL31:
 413 014e 1CBC     		pop	{r2, r3, r4}
 414 0150 9046     		mov	r8, r2
 415 0152 9946     		mov	r9, r3
 416 0154 A246     		mov	r10, r4
 417 0156 F0BD     		pop	{r4, r5, r6, r7, pc}
 418              	.L25:
 419              		.align	2
 420              	.L24:
 421 0158 00000000 		.word	FanController_fanControl
 422 015c 80C3C901 		.word	30000000
 423 0160 00000000 		.word	FanController_desiredFansSpeed
 424 0164 00F0FFFF 		.word	-4096
 425 0168 00000000 		.word	.LANCHOR0
 426 016c 00000000 		.word	FanController_pidA1
 427 0170 00000000 		.word	FanController_pidA2
 428 0174 00000000 		.word	FanController_pidA3
 429 0178 00000000 		.word	FanController_outputSatL
 430 017c 00000000 		.word	FanController_outputSatH
ARM GAS  C:\Users\Ade0n\AppData\Local\Temp\ccbVSGUB.s 			page 14


 431 0180 00000000 		.word	FanController_fanDriverRegs
 432 0184 72000F40 		.word	1074724978
 433              		.cfi_endproc
 434              	.LFE3:
 435              		.size	FanController_PID_CONTROL_ISR, .-FanController_PID_CONTROL_ISR
 436              		.global	FanController_speedStatus
 437              		.bss
 438              		.align	2
 439              		.set	.LANCHOR0,. + 0
 440              		.type	FanController_pidArea.4954, %object
 441              		.size	FanController_pidArea.4954, 16
 442              	FanController_pidArea.4954:
 443 0000 00000000 		.space	16
 443      00000000 
 443      00000000 
 443      00000000 
 444              		.type	FanController_pidErrorZ1.4952, %object
 445              		.size	FanController_pidErrorZ1.4952, 8
 446              	FanController_pidErrorZ1.4952:
 447 0010 00000000 		.space	8
 447      00000000 
 448              		.type	FanController_pidErrorZ2.4953, %object
 449              		.size	FanController_pidErrorZ2.4953, 8
 450              	FanController_pidErrorZ2.4953:
 451 0018 00000000 		.space	8
 451      00000000 
 452              		.type	FanController_spdErrCount.4956, %object
 453              		.size	FanController_spdErrCount.4956, 4
 454              	FanController_spdErrCount.4956:
 455 0020 00000000 		.space	4
 456              		.type	FanController_speedStatus, %object
 457              		.size	FanController_speedStatus, 2
 458              	FanController_speedStatus:
 459 0024 0000     		.space	2
 460              		.text
 461              	.Letext0:
 462              		.file 2 "Generated_Source\\PSoC4\\cytypes.h"
 463              		.file 3 "Generated_Source\\PSoC4\\FanController.h"
 464              		.section	.debug_info,"",%progbits
 465              	.Ldebug_info0:
 466 0000 34030000 		.4byte	0x334
 467 0004 0400     		.2byte	0x4
 468 0006 00000000 		.4byte	.Ldebug_abbrev0
 469 000a 04       		.byte	0x4
 470 000b 01       		.uleb128 0x1
 471 000c AC020000 		.4byte	.LASF51
 472 0010 0C       		.byte	0xc
 473 0011 F5030000 		.4byte	.LASF52
 474 0015 18000000 		.4byte	.LASF53
 475 0019 00000000 		.4byte	.Ldebug_ranges0+0
 476 001d 00000000 		.4byte	0
 477 0021 00000000 		.4byte	.Ldebug_line0
 478 0025 02       		.uleb128 0x2
 479 0026 01       		.byte	0x1
 480 0027 06       		.byte	0x6
 481 0028 20040000 		.4byte	.LASF0
 482 002c 02       		.uleb128 0x2
ARM GAS  C:\Users\Ade0n\AppData\Local\Temp\ccbVSGUB.s 			page 15


 483 002d 01       		.byte	0x1
 484 002e 08       		.byte	0x8
 485 002f F1000000 		.4byte	.LASF1
 486 0033 02       		.uleb128 0x2
 487 0034 02       		.byte	0x2
 488 0035 05       		.byte	0x5
 489 0036 DD010000 		.4byte	.LASF2
 490 003a 02       		.uleb128 0x2
 491 003b 02       		.byte	0x2
 492 003c 07       		.byte	0x7
 493 003d 64000000 		.4byte	.LASF3
 494 0041 02       		.uleb128 0x2
 495 0042 04       		.byte	0x4
 496 0043 05       		.byte	0x5
 497 0044 BA030000 		.4byte	.LASF4
 498 0048 02       		.uleb128 0x2
 499 0049 04       		.byte	0x4
 500 004a 07       		.byte	0x7
 501 004b 31010000 		.4byte	.LASF5
 502 004f 02       		.uleb128 0x2
 503 0050 08       		.byte	0x8
 504 0051 05       		.byte	0x5
 505 0052 7B030000 		.4byte	.LASF6
 506 0056 02       		.uleb128 0x2
 507 0057 08       		.byte	0x8
 508 0058 07       		.byte	0x7
 509 0059 5A020000 		.4byte	.LASF7
 510 005d 03       		.uleb128 0x3
 511 005e 04       		.byte	0x4
 512 005f 05       		.byte	0x5
 513 0060 696E7400 		.ascii	"int\000"
 514 0064 02       		.uleb128 0x2
 515 0065 04       		.byte	0x4
 516 0066 07       		.byte	0x7
 517 0067 31020000 		.4byte	.LASF8
 518 006b 04       		.uleb128 0x4
 519 006c B4030000 		.4byte	.LASF9
 520 0070 02       		.byte	0x2
 521 0071 FB01     		.2byte	0x1fb
 522 0073 2C000000 		.4byte	0x2c
 523 0077 04       		.uleb128 0x4
 524 0078 F4010000 		.4byte	.LASF10
 525 007c 02       		.byte	0x2
 526 007d FC01     		.2byte	0x1fc
 527 007f 3A000000 		.4byte	0x3a
 528 0083 04       		.uleb128 0x4
 529 0084 FB010000 		.4byte	.LASF11
 530 0088 02       		.byte	0x2
 531 0089 FD01     		.2byte	0x1fd
 532 008b 48000000 		.4byte	0x48
 533 008f 04       		.uleb128 0x4
 534 0090 2B010000 		.4byte	.LASF12
 535 0094 02       		.byte	0x2
 536 0095 FF01     		.2byte	0x1ff
 537 0097 33000000 		.4byte	0x33
 538 009b 04       		.uleb128 0x4
 539 009c 43010000 		.4byte	.LASF13
ARM GAS  C:\Users\Ade0n\AppData\Local\Temp\ccbVSGUB.s 			page 16


 540 00a0 02       		.byte	0x2
 541 00a1 0002     		.2byte	0x200
 542 00a3 41000000 		.4byte	0x41
 543 00a7 02       		.uleb128 0x2
 544 00a8 04       		.byte	0x4
 545 00a9 04       		.byte	0x4
 546 00aa D1000000 		.4byte	.LASF14
 547 00ae 02       		.uleb128 0x2
 548 00af 08       		.byte	0x8
 549 00b0 04       		.byte	0x4
 550 00b1 C0010000 		.4byte	.LASF15
 551 00b5 02       		.uleb128 0x2
 552 00b6 01       		.byte	0x1
 553 00b7 08       		.byte	0x8
 554 00b8 BB010000 		.4byte	.LASF16
 555 00bc 04       		.uleb128 0x4
 556 00bd 13000000 		.4byte	.LASF17
 557 00c1 02       		.byte	0x2
 558 00c2 A502     		.2byte	0x2a5
 559 00c4 C8000000 		.4byte	0xc8
 560 00c8 05       		.uleb128 0x5
 561 00c9 6B000000 		.4byte	0x6b
 562 00cd 04       		.uleb128 0x4
 563 00ce 00000000 		.4byte	.LASF18
 564 00d2 02       		.byte	0x2
 565 00d3 A602     		.2byte	0x2a6
 566 00d5 D9000000 		.4byte	0xd9
 567 00d9 05       		.uleb128 0x5
 568 00da 77000000 		.4byte	0x77
 569 00de 04       		.uleb128 0x4
 570 00df 0D000000 		.4byte	.LASF19
 571 00e3 02       		.byte	0x2
 572 00e4 A702     		.2byte	0x2a7
 573 00e6 EA000000 		.4byte	0xea
 574 00ea 05       		.uleb128 0x5
 575 00eb 83000000 		.4byte	0x83
 576 00ef 02       		.uleb128 0x2
 577 00f0 08       		.byte	0x8
 578 00f1 04       		.byte	0x4
 579 00f2 E9030000 		.4byte	.LASF20
 580 00f6 02       		.uleb128 0x2
 581 00f7 04       		.byte	0x4
 582 00f8 07       		.byte	0x7
 583 00f9 59030000 		.4byte	.LASF21
 584 00fd 06       		.uleb128 0x6
 585 00fe 08       		.byte	0x8
 586 00ff 03       		.byte	0x3
 587 0100 DD       		.byte	0xdd
 588 0101 12010000 		.4byte	0x112
 589 0105 07       		.uleb128 0x7
 590 0106 DC030000 		.4byte	.LASF23
 591 010a 03       		.byte	0x3
 592 010b E8       		.byte	0xe8
 593 010c 12010000 		.4byte	0x112
 594 0110 00       		.byte	0
 595 0111 00       		.byte	0
 596 0112 08       		.uleb128 0x8
ARM GAS  C:\Users\Ade0n\AppData\Local\Temp\ccbVSGUB.s 			page 17


 597 0113 77000000 		.4byte	0x77
 598 0117 22010000 		.4byte	0x122
 599 011b 09       		.uleb128 0x9
 600 011c F6000000 		.4byte	0xf6
 601 0120 03       		.byte	0x3
 602 0121 00       		.byte	0
 603 0122 0A       		.uleb128 0xa
 604 0123 54010000 		.4byte	.LASF22
 605 0127 03       		.byte	0x3
 606 0128 EB       		.byte	0xeb
 607 0129 FD000000 		.4byte	0xfd
 608 012d 0B       		.uleb128 0xb
 609 012e 04       		.byte	0x4
 610 012f 03       		.byte	0x3
 611 0130 2301     		.2byte	0x123
 612 0132 44010000 		.4byte	0x144
 613 0136 0C       		.uleb128 0xc
 614 0137 1D010000 		.4byte	.LASF24
 615 013b 03       		.byte	0x3
 616 013c 2501     		.2byte	0x125
 617 013e 83000000 		.4byte	0x83
 618 0142 00       		.byte	0
 619 0143 00       		.byte	0
 620 0144 04       		.uleb128 0x4
 621 0145 2C040000 		.4byte	.LASF25
 622 0149 03       		.byte	0x3
 623 014a 2601     		.2byte	0x126
 624 014c 2D010000 		.4byte	0x12d
 625 0150 0D       		.uleb128 0xd
 626 0151 3E020000 		.4byte	.LASF28
 627 0155 01       		.byte	0x1
 628 0156 2C       		.byte	0x2c
 629 0157 00000000 		.4byte	.LFB2
 630 015b 94000000 		.4byte	.LFE2-.LFB2
 631 015f 01       		.uleb128 0x1
 632 0160 9C       		.byte	0x9c
 633 0161 84010000 		.4byte	0x184
 634 0165 0E       		.uleb128 0xe
 635 0166 06000000 		.4byte	.LASF26
 636 016a 01       		.byte	0x1
 637 016b 2E       		.byte	0x2e
 638 016c 6B000000 		.4byte	0x6b
 639 0170 00000000 		.4byte	.LLST0
 640 0174 0E       		.uleb128 0xe
 641 0175 8A020000 		.4byte	.LASF27
 642 0179 01       		.byte	0x1
 643 017a 2F       		.byte	0x2f
 644 017b 77000000 		.4byte	0x77
 645 017f 2B000000 		.4byte	.LLST1
 646 0183 00       		.byte	0
 647 0184 0F       		.uleb128 0xf
 648 0185 FF000000 		.4byte	.LASF29
 649 0189 01       		.byte	0x1
 650 018a 78       		.byte	0x78
 651 018b 00000000 		.4byte	.LFB3
 652 018f 88010000 		.4byte	.LFE3-.LFB3
 653 0193 01       		.uleb128 0x1
ARM GAS  C:\Users\Ade0n\AppData\Local\Temp\ccbVSGUB.s 			page 18


 654 0194 9C       		.byte	0x9c
 655 0195 59020000 		.4byte	0x259
 656 0199 10       		.uleb128 0x10
 657 019a 6900     		.ascii	"i\000"
 658 019c 01       		.byte	0x1
 659 019d 7A       		.byte	0x7a
 660 019e 6B000000 		.4byte	0x6b
 661 01a2 4D000000 		.4byte	.LLST2
 662 01a6 0E       		.uleb128 0xe
 663 01a7 C6000000 		.4byte	.LASF30
 664 01ab 01       		.byte	0x1
 665 01ac 7B       		.byte	0x7b
 666 01ad 8F000000 		.4byte	0x8f
 667 01b1 77000000 		.4byte	.LLST3
 668 01b5 0E       		.uleb128 0xe
 669 01b6 49010000 		.4byte	.LASF31
 670 01ba 01       		.byte	0x1
 671 01bb 7C       		.byte	0x7c
 672 01bc 83000000 		.4byte	0x83
 673 01c0 B8000000 		.4byte	.LLST4
 674 01c4 0E       		.uleb128 0xe
 675 01c5 AF010000 		.4byte	.LASF32
 676 01c9 01       		.byte	0x1
 677 01ca 7D       		.byte	0x7d
 678 01cb 8F000000 		.4byte	0x8f
 679 01cf E0000000 		.4byte	.LLST5
 680 01d3 0E       		.uleb128 0xe
 681 01d4 E7010000 		.4byte	.LASF33
 682 01d8 01       		.byte	0x1
 683 01d9 7E       		.byte	0x7e
 684 01da 83000000 		.4byte	0x83
 685 01de FE000000 		.4byte	.LLST6
 686 01e2 0E       		.uleb128 0xe
 687 01e3 A9030000 		.4byte	.LASF34
 688 01e7 01       		.byte	0x1
 689 01e8 7F       		.byte	0x7f
 690 01e9 83000000 		.4byte	0x83
 691 01ed 11010000 		.4byte	.LLST7
 692 01f1 0E       		.uleb128 0xe
 693 01f2 89030000 		.4byte	.LASF35
 694 01f6 01       		.byte	0x1
 695 01f7 80       		.byte	0x80
 696 01f8 77000000 		.4byte	0x77
 697 01fc 2F010000 		.4byte	.LLST8
 698 0200 11       		.uleb128 0x11
 699 0201 62030000 		.4byte	.LASF36
 700 0205 01       		.byte	0x1
 701 0206 86       		.byte	0x86
 702 0207 59020000 		.4byte	0x259
 703 020b 05       		.uleb128 0x5
 704 020c 03       		.byte	0x3
 705 020d 10000000 		.4byte	FanController_pidErrorZ1.4952
 706 0211 11       		.uleb128 0x11
 707 0212 C3030000 		.4byte	.LASF37
 708 0216 01       		.byte	0x1
 709 0217 87       		.byte	0x87
 710 0218 59020000 		.4byte	0x259
ARM GAS  C:\Users\Ade0n\AppData\Local\Temp\ccbVSGUB.s 			page 19


 711 021c 05       		.uleb128 0x5
 712 021d 03       		.byte	0x3
 713 021e 18000000 		.4byte	FanController_pidErrorZ2.4953
 714 0222 11       		.uleb128 0x11
 715 0223 C7010000 		.4byte	.LASF38
 716 0227 01       		.byte	0x1
 717 0228 8A       		.byte	0x8a
 718 0229 69020000 		.4byte	0x269
 719 022d 05       		.uleb128 0x5
 720 022e 03       		.byte	0x3
 721 022f 00000000 		.4byte	FanController_pidArea.4954
 722 0233 12       		.uleb128 0x12
 723 0234 1C020000 		.4byte	.LASF54
 724 0238 01       		.byte	0x1
 725 0239 8D       		.byte	0x8d
 726 023a 77000000 		.4byte	0x77
 727 023e 11       		.uleb128 0x11
 728 023f D7000000 		.4byte	.LASF39
 729 0243 01       		.byte	0x1
 730 0244 90       		.byte	0x90
 731 0245 79020000 		.4byte	0x279
 732 0249 05       		.uleb128 0x5
 733 024a 03       		.byte	0x3
 734 024b 20000000 		.4byte	FanController_spdErrCount.4956
 735 024f 13       		.uleb128 0x13
 736 0250 22010000 		.4byte	.LVL27
 737 0254 2C030000 		.4byte	0x32c
 738 0258 00       		.byte	0
 739 0259 08       		.uleb128 0x8
 740 025a 8F000000 		.4byte	0x8f
 741 025e 69020000 		.4byte	0x269
 742 0262 09       		.uleb128 0x9
 743 0263 F6000000 		.4byte	0xf6
 744 0267 03       		.byte	0x3
 745 0268 00       		.byte	0
 746 0269 08       		.uleb128 0x8
 747 026a 83000000 		.4byte	0x83
 748 026e 79020000 		.4byte	0x279
 749 0272 09       		.uleb128 0x9
 750 0273 F6000000 		.4byte	0xf6
 751 0277 03       		.byte	0x3
 752 0278 00       		.byte	0
 753 0279 08       		.uleb128 0x8
 754 027a 6B000000 		.4byte	0x6b
 755 027e 89020000 		.4byte	0x289
 756 0282 09       		.uleb128 0x9
 757 0283 F6000000 		.4byte	0xf6
 758 0287 03       		.byte	0x3
 759 0288 00       		.byte	0
 760 0289 14       		.uleb128 0x14
 761 028a AD000000 		.4byte	.LASF40
 762 028e 03       		.byte	0x3
 763 028f 3401     		.2byte	0x134
 764 0291 22010000 		.4byte	0x122
 765 0295 14       		.uleb128 0x14
 766 0296 3A030000 		.4byte	.LASF41
 767 029a 03       		.byte	0x3
ARM GAS  C:\Users\Ade0n\AppData\Local\Temp\ccbVSGUB.s 			page 20


 768 029b 3801     		.2byte	0x138
 769 029d 12010000 		.4byte	0x112
 770 02a1 14       		.uleb128 0x14
 771 02a2 73010000 		.4byte	.LASF42
 772 02a6 03       		.byte	0x3
 773 02a7 3D01     		.2byte	0x13d
 774 02a9 59020000 		.4byte	0x259
 775 02ad 14       		.uleb128 0x14
 776 02ae 87010000 		.4byte	.LASF43
 777 02b2 03       		.byte	0x3
 778 02b3 3E01     		.2byte	0x13e
 779 02b5 59020000 		.4byte	0x259
 780 02b9 14       		.uleb128 0x14
 781 02ba 9B010000 		.4byte	.LASF44
 782 02be 03       		.byte	0x3
 783 02bf 3F01     		.2byte	0x13f
 784 02c1 59020000 		.4byte	0x259
 785 02c5 14       		.uleb128 0x14
 786 02c6 93020000 		.4byte	.LASF45
 787 02ca 03       		.byte	0x3
 788 02cb 4101     		.2byte	0x141
 789 02cd 69020000 		.4byte	0x269
 790 02d1 14       		.uleb128 0x14
 791 02d2 71020000 		.4byte	.LASF46
 792 02d6 03       		.byte	0x3
 793 02d7 4201     		.2byte	0x142
 794 02d9 69020000 		.4byte	0x269
 795 02dd 15       		.uleb128 0x15
 796 02de 02020000 		.4byte	.LASF47
 797 02e2 01       		.byte	0x1
 798 02e3 18       		.byte	0x18
 799 02e4 D9000000 		.4byte	0xd9
 800 02e8 05       		.uleb128 0x5
 801 02e9 03       		.byte	0x3
 802 02ea 00000000 		.4byte	FanController_speedStatus
 803 02ee 08       		.uleb128 0x8
 804 02ef FE020000 		.4byte	0x2fe
 805 02f3 FE020000 		.4byte	0x2fe
 806 02f7 09       		.uleb128 0x9
 807 02f8 F6000000 		.4byte	0xf6
 808 02fc 03       		.byte	0x3
 809 02fd 00       		.byte	0
 810 02fe 16       		.uleb128 0x16
 811 02ff 44010000 		.4byte	0x144
 812 0303 14       		.uleb128 0x14
 813 0304 77000000 		.4byte	.LASF48
 814 0308 03       		.byte	0x3
 815 0309 4801     		.2byte	0x148
 816 030b 0F030000 		.4byte	0x30f
 817 030f 16       		.uleb128 0x16
 818 0310 EE020000 		.4byte	0x2ee
 819 0314 14       		.uleb128 0x14
 820 0315 4C000000 		.4byte	.LASF49
 821 0319 03       		.byte	0x3
 822 031a 4D01     		.2byte	0x14d
 823 031c 77000000 		.4byte	0x77
 824 0320 14       		.uleb128 0x14
ARM GAS  C:\Users\Ade0n\AppData\Local\Temp\ccbVSGUB.s 			page 21


 825 0321 93000000 		.4byte	.LASF50
 826 0325 03       		.byte	0x3
 827 0326 4E01     		.2byte	0x14e
 828 0328 77000000 		.4byte	0x77
 829 032c 17       		.uleb128 0x17
 830 032d 8E030000 		.4byte	.LASF55
 831 0331 8E030000 		.4byte	.LASF55
 832 0335 03       		.byte	0x3
 833 0336 65       		.byte	0x65
 834 0337 00       		.byte	0
 835              		.section	.debug_abbrev,"",%progbits
 836              	.Ldebug_abbrev0:
 837 0000 01       		.uleb128 0x1
 838 0001 11       		.uleb128 0x11
 839 0002 01       		.byte	0x1
 840 0003 25       		.uleb128 0x25
 841 0004 0E       		.uleb128 0xe
 842 0005 13       		.uleb128 0x13
 843 0006 0B       		.uleb128 0xb
 844 0007 03       		.uleb128 0x3
 845 0008 0E       		.uleb128 0xe
 846 0009 1B       		.uleb128 0x1b
 847 000a 0E       		.uleb128 0xe
 848 000b 55       		.uleb128 0x55
 849 000c 17       		.uleb128 0x17
 850 000d 11       		.uleb128 0x11
 851 000e 01       		.uleb128 0x1
 852 000f 10       		.uleb128 0x10
 853 0010 17       		.uleb128 0x17
 854 0011 00       		.byte	0
 855 0012 00       		.byte	0
 856 0013 02       		.uleb128 0x2
 857 0014 24       		.uleb128 0x24
 858 0015 00       		.byte	0
 859 0016 0B       		.uleb128 0xb
 860 0017 0B       		.uleb128 0xb
 861 0018 3E       		.uleb128 0x3e
 862 0019 0B       		.uleb128 0xb
 863 001a 03       		.uleb128 0x3
 864 001b 0E       		.uleb128 0xe
 865 001c 00       		.byte	0
 866 001d 00       		.byte	0
 867 001e 03       		.uleb128 0x3
 868 001f 24       		.uleb128 0x24
 869 0020 00       		.byte	0
 870 0021 0B       		.uleb128 0xb
 871 0022 0B       		.uleb128 0xb
 872 0023 3E       		.uleb128 0x3e
 873 0024 0B       		.uleb128 0xb
 874 0025 03       		.uleb128 0x3
 875 0026 08       		.uleb128 0x8
 876 0027 00       		.byte	0
 877 0028 00       		.byte	0
 878 0029 04       		.uleb128 0x4
 879 002a 16       		.uleb128 0x16
 880 002b 00       		.byte	0
 881 002c 03       		.uleb128 0x3
ARM GAS  C:\Users\Ade0n\AppData\Local\Temp\ccbVSGUB.s 			page 22


 882 002d 0E       		.uleb128 0xe
 883 002e 3A       		.uleb128 0x3a
 884 002f 0B       		.uleb128 0xb
 885 0030 3B       		.uleb128 0x3b
 886 0031 05       		.uleb128 0x5
 887 0032 49       		.uleb128 0x49
 888 0033 13       		.uleb128 0x13
 889 0034 00       		.byte	0
 890 0035 00       		.byte	0
 891 0036 05       		.uleb128 0x5
 892 0037 35       		.uleb128 0x35
 893 0038 00       		.byte	0
 894 0039 49       		.uleb128 0x49
 895 003a 13       		.uleb128 0x13
 896 003b 00       		.byte	0
 897 003c 00       		.byte	0
 898 003d 06       		.uleb128 0x6
 899 003e 13       		.uleb128 0x13
 900 003f 01       		.byte	0x1
 901 0040 0B       		.uleb128 0xb
 902 0041 0B       		.uleb128 0xb
 903 0042 3A       		.uleb128 0x3a
 904 0043 0B       		.uleb128 0xb
 905 0044 3B       		.uleb128 0x3b
 906 0045 0B       		.uleb128 0xb
 907 0046 01       		.uleb128 0x1
 908 0047 13       		.uleb128 0x13
 909 0048 00       		.byte	0
 910 0049 00       		.byte	0
 911 004a 07       		.uleb128 0x7
 912 004b 0D       		.uleb128 0xd
 913 004c 00       		.byte	0
 914 004d 03       		.uleb128 0x3
 915 004e 0E       		.uleb128 0xe
 916 004f 3A       		.uleb128 0x3a
 917 0050 0B       		.uleb128 0xb
 918 0051 3B       		.uleb128 0x3b
 919 0052 0B       		.uleb128 0xb
 920 0053 49       		.uleb128 0x49
 921 0054 13       		.uleb128 0x13
 922 0055 38       		.uleb128 0x38
 923 0056 0B       		.uleb128 0xb
 924 0057 00       		.byte	0
 925 0058 00       		.byte	0
 926 0059 08       		.uleb128 0x8
 927 005a 01       		.uleb128 0x1
 928 005b 01       		.byte	0x1
 929 005c 49       		.uleb128 0x49
 930 005d 13       		.uleb128 0x13
 931 005e 01       		.uleb128 0x1
 932 005f 13       		.uleb128 0x13
 933 0060 00       		.byte	0
 934 0061 00       		.byte	0
 935 0062 09       		.uleb128 0x9
 936 0063 21       		.uleb128 0x21
 937 0064 00       		.byte	0
 938 0065 49       		.uleb128 0x49
ARM GAS  C:\Users\Ade0n\AppData\Local\Temp\ccbVSGUB.s 			page 23


 939 0066 13       		.uleb128 0x13
 940 0067 2F       		.uleb128 0x2f
 941 0068 0B       		.uleb128 0xb
 942 0069 00       		.byte	0
 943 006a 00       		.byte	0
 944 006b 0A       		.uleb128 0xa
 945 006c 16       		.uleb128 0x16
 946 006d 00       		.byte	0
 947 006e 03       		.uleb128 0x3
 948 006f 0E       		.uleb128 0xe
 949 0070 3A       		.uleb128 0x3a
 950 0071 0B       		.uleb128 0xb
 951 0072 3B       		.uleb128 0x3b
 952 0073 0B       		.uleb128 0xb
 953 0074 49       		.uleb128 0x49
 954 0075 13       		.uleb128 0x13
 955 0076 00       		.byte	0
 956 0077 00       		.byte	0
 957 0078 0B       		.uleb128 0xb
 958 0079 13       		.uleb128 0x13
 959 007a 01       		.byte	0x1
 960 007b 0B       		.uleb128 0xb
 961 007c 0B       		.uleb128 0xb
 962 007d 3A       		.uleb128 0x3a
 963 007e 0B       		.uleb128 0xb
 964 007f 3B       		.uleb128 0x3b
 965 0080 05       		.uleb128 0x5
 966 0081 01       		.uleb128 0x1
 967 0082 13       		.uleb128 0x13
 968 0083 00       		.byte	0
 969 0084 00       		.byte	0
 970 0085 0C       		.uleb128 0xc
 971 0086 0D       		.uleb128 0xd
 972 0087 00       		.byte	0
 973 0088 03       		.uleb128 0x3
 974 0089 0E       		.uleb128 0xe
 975 008a 3A       		.uleb128 0x3a
 976 008b 0B       		.uleb128 0xb
 977 008c 3B       		.uleb128 0x3b
 978 008d 05       		.uleb128 0x5
 979 008e 49       		.uleb128 0x49
 980 008f 13       		.uleb128 0x13
 981 0090 38       		.uleb128 0x38
 982 0091 0B       		.uleb128 0xb
 983 0092 00       		.byte	0
 984 0093 00       		.byte	0
 985 0094 0D       		.uleb128 0xd
 986 0095 2E       		.uleb128 0x2e
 987 0096 01       		.byte	0x1
 988 0097 3F       		.uleb128 0x3f
 989 0098 19       		.uleb128 0x19
 990 0099 03       		.uleb128 0x3
 991 009a 0E       		.uleb128 0xe
 992 009b 3A       		.uleb128 0x3a
 993 009c 0B       		.uleb128 0xb
 994 009d 3B       		.uleb128 0x3b
 995 009e 0B       		.uleb128 0xb
ARM GAS  C:\Users\Ade0n\AppData\Local\Temp\ccbVSGUB.s 			page 24


 996 009f 27       		.uleb128 0x27
 997 00a0 19       		.uleb128 0x19
 998 00a1 11       		.uleb128 0x11
 999 00a2 01       		.uleb128 0x1
 1000 00a3 12       		.uleb128 0x12
 1001 00a4 06       		.uleb128 0x6
 1002 00a5 40       		.uleb128 0x40
 1003 00a6 18       		.uleb128 0x18
 1004 00a7 9742     		.uleb128 0x2117
 1005 00a9 19       		.uleb128 0x19
 1006 00aa 01       		.uleb128 0x1
 1007 00ab 13       		.uleb128 0x13
 1008 00ac 00       		.byte	0
 1009 00ad 00       		.byte	0
 1010 00ae 0E       		.uleb128 0xe
 1011 00af 34       		.uleb128 0x34
 1012 00b0 00       		.byte	0
 1013 00b1 03       		.uleb128 0x3
 1014 00b2 0E       		.uleb128 0xe
 1015 00b3 3A       		.uleb128 0x3a
 1016 00b4 0B       		.uleb128 0xb
 1017 00b5 3B       		.uleb128 0x3b
 1018 00b6 0B       		.uleb128 0xb
 1019 00b7 49       		.uleb128 0x49
 1020 00b8 13       		.uleb128 0x13
 1021 00b9 02       		.uleb128 0x2
 1022 00ba 17       		.uleb128 0x17
 1023 00bb 00       		.byte	0
 1024 00bc 00       		.byte	0
 1025 00bd 0F       		.uleb128 0xf
 1026 00be 2E       		.uleb128 0x2e
 1027 00bf 01       		.byte	0x1
 1028 00c0 3F       		.uleb128 0x3f
 1029 00c1 19       		.uleb128 0x19
 1030 00c2 03       		.uleb128 0x3
 1031 00c3 0E       		.uleb128 0xe
 1032 00c4 3A       		.uleb128 0x3a
 1033 00c5 0B       		.uleb128 0xb
 1034 00c6 3B       		.uleb128 0x3b
 1035 00c7 0B       		.uleb128 0xb
 1036 00c8 27       		.uleb128 0x27
 1037 00c9 19       		.uleb128 0x19
 1038 00ca 11       		.uleb128 0x11
 1039 00cb 01       		.uleb128 0x1
 1040 00cc 12       		.uleb128 0x12
 1041 00cd 06       		.uleb128 0x6
 1042 00ce 40       		.uleb128 0x40
 1043 00cf 18       		.uleb128 0x18
 1044 00d0 9642     		.uleb128 0x2116
 1045 00d2 19       		.uleb128 0x19
 1046 00d3 01       		.uleb128 0x1
 1047 00d4 13       		.uleb128 0x13
 1048 00d5 00       		.byte	0
 1049 00d6 00       		.byte	0
 1050 00d7 10       		.uleb128 0x10
 1051 00d8 34       		.uleb128 0x34
 1052 00d9 00       		.byte	0
ARM GAS  C:\Users\Ade0n\AppData\Local\Temp\ccbVSGUB.s 			page 25


 1053 00da 03       		.uleb128 0x3
 1054 00db 08       		.uleb128 0x8
 1055 00dc 3A       		.uleb128 0x3a
 1056 00dd 0B       		.uleb128 0xb
 1057 00de 3B       		.uleb128 0x3b
 1058 00df 0B       		.uleb128 0xb
 1059 00e0 49       		.uleb128 0x49
 1060 00e1 13       		.uleb128 0x13
 1061 00e2 02       		.uleb128 0x2
 1062 00e3 17       		.uleb128 0x17
 1063 00e4 00       		.byte	0
 1064 00e5 00       		.byte	0
 1065 00e6 11       		.uleb128 0x11
 1066 00e7 34       		.uleb128 0x34
 1067 00e8 00       		.byte	0
 1068 00e9 03       		.uleb128 0x3
 1069 00ea 0E       		.uleb128 0xe
 1070 00eb 3A       		.uleb128 0x3a
 1071 00ec 0B       		.uleb128 0xb
 1072 00ed 3B       		.uleb128 0x3b
 1073 00ee 0B       		.uleb128 0xb
 1074 00ef 49       		.uleb128 0x49
 1075 00f0 13       		.uleb128 0x13
 1076 00f1 02       		.uleb128 0x2
 1077 00f2 18       		.uleb128 0x18
 1078 00f3 00       		.byte	0
 1079 00f4 00       		.byte	0
 1080 00f5 12       		.uleb128 0x12
 1081 00f6 34       		.uleb128 0x34
 1082 00f7 00       		.byte	0
 1083 00f8 03       		.uleb128 0x3
 1084 00f9 0E       		.uleb128 0xe
 1085 00fa 3A       		.uleb128 0x3a
 1086 00fb 0B       		.uleb128 0xb
 1087 00fc 3B       		.uleb128 0x3b
 1088 00fd 0B       		.uleb128 0xb
 1089 00fe 49       		.uleb128 0x49
 1090 00ff 13       		.uleb128 0x13
 1091 0100 00       		.byte	0
 1092 0101 00       		.byte	0
 1093 0102 13       		.uleb128 0x13
 1094 0103 898201   		.uleb128 0x4109
 1095 0106 00       		.byte	0
 1096 0107 11       		.uleb128 0x11
 1097 0108 01       		.uleb128 0x1
 1098 0109 31       		.uleb128 0x31
 1099 010a 13       		.uleb128 0x13
 1100 010b 00       		.byte	0
 1101 010c 00       		.byte	0
 1102 010d 14       		.uleb128 0x14
 1103 010e 34       		.uleb128 0x34
 1104 010f 00       		.byte	0
 1105 0110 03       		.uleb128 0x3
 1106 0111 0E       		.uleb128 0xe
 1107 0112 3A       		.uleb128 0x3a
 1108 0113 0B       		.uleb128 0xb
 1109 0114 3B       		.uleb128 0x3b
ARM GAS  C:\Users\Ade0n\AppData\Local\Temp\ccbVSGUB.s 			page 26


 1110 0115 05       		.uleb128 0x5
 1111 0116 49       		.uleb128 0x49
 1112 0117 13       		.uleb128 0x13
 1113 0118 3F       		.uleb128 0x3f
 1114 0119 19       		.uleb128 0x19
 1115 011a 3C       		.uleb128 0x3c
 1116 011b 19       		.uleb128 0x19
 1117 011c 00       		.byte	0
 1118 011d 00       		.byte	0
 1119 011e 15       		.uleb128 0x15
 1120 011f 34       		.uleb128 0x34
 1121 0120 00       		.byte	0
 1122 0121 03       		.uleb128 0x3
 1123 0122 0E       		.uleb128 0xe
 1124 0123 3A       		.uleb128 0x3a
 1125 0124 0B       		.uleb128 0xb
 1126 0125 3B       		.uleb128 0x3b
 1127 0126 0B       		.uleb128 0xb
 1128 0127 49       		.uleb128 0x49
 1129 0128 13       		.uleb128 0x13
 1130 0129 3F       		.uleb128 0x3f
 1131 012a 19       		.uleb128 0x19
 1132 012b 02       		.uleb128 0x2
 1133 012c 18       		.uleb128 0x18
 1134 012d 00       		.byte	0
 1135 012e 00       		.byte	0
 1136 012f 16       		.uleb128 0x16
 1137 0130 26       		.uleb128 0x26
 1138 0131 00       		.byte	0
 1139 0132 49       		.uleb128 0x49
 1140 0133 13       		.uleb128 0x13
 1141 0134 00       		.byte	0
 1142 0135 00       		.byte	0
 1143 0136 17       		.uleb128 0x17
 1144 0137 2E       		.uleb128 0x2e
 1145 0138 00       		.byte	0
 1146 0139 3F       		.uleb128 0x3f
 1147 013a 19       		.uleb128 0x19
 1148 013b 3C       		.uleb128 0x3c
 1149 013c 19       		.uleb128 0x19
 1150 013d 6E       		.uleb128 0x6e
 1151 013e 0E       		.uleb128 0xe
 1152 013f 03       		.uleb128 0x3
 1153 0140 0E       		.uleb128 0xe
 1154 0141 3A       		.uleb128 0x3a
 1155 0142 0B       		.uleb128 0xb
 1156 0143 3B       		.uleb128 0x3b
 1157 0144 0B       		.uleb128 0xb
 1158 0145 00       		.byte	0
 1159 0146 00       		.byte	0
 1160 0147 00       		.byte	0
 1161              		.section	.debug_loc,"",%progbits
 1162              	.Ldebug_loc0:
 1163              	.LLST0:
 1164 0000 08000000 		.4byte	.LVL0
 1165 0004 2A000000 		.4byte	.LVL5
 1166 0008 0100     		.2byte	0x1
ARM GAS  C:\Users\Ade0n\AppData\Local\Temp\ccbVSGUB.s 			page 27


 1167 000a 53       		.byte	0x53
 1168 000b 2A000000 		.4byte	.LVL5
 1169 000f 2C000000 		.4byte	.LVL6
 1170 0013 0300     		.2byte	0x3
 1171 0015 73       		.byte	0x73
 1172 0016 01       		.sleb128 1
 1173 0017 9F       		.byte	0x9f
 1174 0018 2E000000 		.4byte	.LVL7
 1175 001c 5A000000 		.4byte	.LVL9
 1176 0020 0100     		.2byte	0x1
 1177 0022 53       		.byte	0x53
 1178 0023 00000000 		.4byte	0
 1179 0027 00000000 		.4byte	0
 1180              	.LLST1:
 1181 002b 0E000000 		.4byte	.LVL1
 1182 002f 1A000000 		.4byte	.LVL2
 1183 0033 0100     		.2byte	0x1
 1184 0035 52       		.byte	0x52
 1185 0036 1A000000 		.4byte	.LVL2
 1186 003a 1E000000 		.4byte	.LVL3
 1187 003e 0500     		.2byte	0x5
 1188 0040 71       		.byte	0x71
 1189 0041 00       		.sleb128 0
 1190 0042 70       		.byte	0x70
 1191 0043 00       		.sleb128 0
 1192 0044 22       		.byte	0x22
 1193 0045 00000000 		.4byte	0
 1194 0049 00000000 		.4byte	0
 1195              	.LLST2:
 1196 004d 0A000000 		.4byte	.LVL10
 1197 0051 0E000000 		.4byte	.LVL11
 1198 0055 0200     		.2byte	0x2
 1199 0057 30       		.byte	0x30
 1200 0058 9F       		.byte	0x9f
 1201 0059 0E000000 		.4byte	.LVL11
 1202 005d 30010000 		.4byte	.LVL29
 1203 0061 0100     		.2byte	0x1
 1204 0063 55       		.byte	0x55
 1205 0064 32010000 		.4byte	.LVL30
 1206 0068 4E010000 		.4byte	.LVL31
 1207 006c 0100     		.2byte	0x1
 1208 006e 55       		.byte	0x55
 1209 006f 00000000 		.4byte	0
 1210 0073 00000000 		.4byte	0
 1211              	.LLST3:
 1212 0077 24000000 		.4byte	.LVL13
 1213 007b 36000000 		.4byte	.LVL14
 1214 007f 0100     		.2byte	0x1
 1215 0081 53       		.byte	0x53
 1216 0082 38000000 		.4byte	.LVL15
 1217 0086 3A000000 		.4byte	.LVL16
 1218 008a 0100     		.2byte	0x1
 1219 008c 53       		.byte	0x53
 1220 008d 3C000000 		.4byte	.LVL17
 1221 0091 8A000000 		.4byte	.LVL19
 1222 0095 0100     		.2byte	0x1
 1223 0097 53       		.byte	0x53
ARM GAS  C:\Users\Ade0n\AppData\Local\Temp\ccbVSGUB.s 			page 28


 1224 0098 8A000000 		.4byte	.LVL19
 1225 009c 8C000000 		.4byte	.LVL20
 1226 00a0 0200     		.2byte	0x2
 1227 00a2 71       		.byte	0x71
 1228 00a3 10       		.sleb128 16
 1229 00a4 8C000000 		.4byte	.LVL20
 1230 00a8 21010000 		.4byte	.LVL27-1
 1231 00ac 0200     		.2byte	0x2
 1232 00ae 79       		.byte	0x79
 1233 00af 10       		.sleb128 16
 1234 00b0 00000000 		.4byte	0
 1235 00b4 00000000 		.4byte	0
 1236              	.LLST4:
 1237 00b8 B8000000 		.4byte	.LVL21
 1238 00bc C4000000 		.4byte	.LVL23
 1239 00c0 0100     		.2byte	0x1
 1240 00c2 52       		.byte	0x52
 1241 00c3 C4000000 		.4byte	.LVL23
 1242 00c7 21010000 		.4byte	.LVL27-1
 1243 00cb 0B00     		.2byte	0xb
 1244 00cd 74       		.byte	0x74
 1245 00ce 00       		.sleb128 0
 1246 00cf 32       		.byte	0x32
 1247 00d0 24       		.byte	0x24
 1248 00d1 78       		.byte	0x78
 1249 00d2 00       		.sleb128 0
 1250 00d3 22       		.byte	0x22
 1251 00d4 06       		.byte	0x6
 1252 00d5 44       		.byte	0x44
 1253 00d6 25       		.byte	0x25
 1254 00d7 9F       		.byte	0x9f
 1255 00d8 00000000 		.4byte	0
 1256 00dc 00000000 		.4byte	0
 1257              	.LLST5:
 1258 00e0 24000000 		.4byte	.LVL13
 1259 00e4 36000000 		.4byte	.LVL14
 1260 00e8 0100     		.2byte	0x1
 1261 00ea 53       		.byte	0x53
 1262 00eb 38000000 		.4byte	.LVL15
 1263 00ef 3A000000 		.4byte	.LVL16
 1264 00f3 0100     		.2byte	0x1
 1265 00f5 53       		.byte	0x53
 1266 00f6 00000000 		.4byte	0
 1267 00fa 00000000 		.4byte	0
 1268              	.LLST6:
 1269 00fe 1C000000 		.4byte	.LVL12
 1270 0102 21010000 		.4byte	.LVL27-1
 1271 0106 0100     		.2byte	0x1
 1272 0108 50       		.byte	0x50
 1273 0109 00000000 		.4byte	0
 1274 010d 00000000 		.4byte	0
 1275              	.LLST7:
 1276 0111 B8000000 		.4byte	.LVL21
 1277 0115 D8000000 		.4byte	.LVL24
 1278 0119 0100     		.2byte	0x1
 1279 011b 53       		.byte	0x53
 1280 011c E2000000 		.4byte	.LVL25
ARM GAS  C:\Users\Ade0n\AppData\Local\Temp\ccbVSGUB.s 			page 29


 1281 0120 E8000000 		.4byte	.LVL26
 1282 0124 0100     		.2byte	0x1
 1283 0126 53       		.byte	0x53
 1284 0127 00000000 		.4byte	0
 1285 012b 00000000 		.4byte	0
 1286              	.LLST8:
 1287 012f 22010000 		.4byte	.LVL27
 1288 0133 28010000 		.4byte	.LVL28
 1289 0137 0100     		.2byte	0x1
 1290 0139 50       		.byte	0x50
 1291 013a 00000000 		.4byte	0
 1292 013e 00000000 		.4byte	0
 1293              		.section	.debug_aranges,"",%progbits
 1294 0000 24000000 		.4byte	0x24
 1295 0004 0200     		.2byte	0x2
 1296 0006 00000000 		.4byte	.Ldebug_info0
 1297 000a 04       		.byte	0x4
 1298 000b 00       		.byte	0
 1299 000c 0000     		.2byte	0
 1300 000e 0000     		.2byte	0
 1301 0010 00000000 		.4byte	.LFB2
 1302 0014 94000000 		.4byte	.LFE2-.LFB2
 1303 0018 00000000 		.4byte	.LFB3
 1304 001c 88010000 		.4byte	.LFE3-.LFB3
 1305 0020 00000000 		.4byte	0
 1306 0024 00000000 		.4byte	0
 1307              		.section	.debug_ranges,"",%progbits
 1308              	.Ldebug_ranges0:
 1309 0000 00000000 		.4byte	.LFB2
 1310 0004 94000000 		.4byte	.LFE2
 1311 0008 00000000 		.4byte	.LFB3
 1312 000c 88010000 		.4byte	.LFE3
 1313 0010 00000000 		.4byte	0
 1314 0014 00000000 		.4byte	0
 1315              		.section	.debug_line,"",%progbits
 1316              	.Ldebug_line0:
 1317 0000 08010000 		.section	.debug_str,"MS",%progbits,1
 1317      02006100 
 1317      00000201 
 1317      FB0E0D00 
 1317      01010101 
 1318              	.LASF18:
 1319 0000 72656731 		.ascii	"reg16\000"
 1319      3600
 1320              	.LASF26:
 1321 0006 66616E4E 		.ascii	"fanNum\000"
 1321      756D00
 1322              	.LASF19:
 1323 000d 72656733 		.ascii	"reg32\000"
 1323      3200
 1324              	.LASF17:
 1325 0013 72656738 		.ascii	"reg8\000"
 1325      00
 1326              	.LASF53:
 1327 0018 433A5C55 		.ascii	"C:\\Users\\Ade0n\\Desktop\\PR\\CyberPong\\CyberPong"
 1327      73657273 
 1327      5C416465 
ARM GAS  C:\Users\Ade0n\AppData\Local\Temp\ccbVSGUB.s 			page 30


 1327      306E5C44 
 1327      65736B74 
 1328 0045 2E637964 		.ascii	".cydsn\000"
 1328      736E00
 1329              	.LASF49:
 1330 004c 46616E43 		.ascii	"FanController_alertMask\000"
 1330      6F6E7472 
 1330      6F6C6C65 
 1330      725F616C 
 1330      6572744D 
 1331              	.LASF3:
 1332 0064 73686F72 		.ascii	"short unsigned int\000"
 1332      7420756E 
 1332      7369676E 
 1332      65642069 
 1332      6E7400
 1333              	.LASF48:
 1334 0077 46616E43 		.ascii	"FanController_fanDriverRegs\000"
 1334      6F6E7472 
 1334      6F6C6C65 
 1334      725F6661 
 1334      6E447269 
 1335              	.LASF50:
 1336 0093 46616E43 		.ascii	"FanController_stallStatus\000"
 1336      6F6E7472 
 1336      6F6C6C65 
 1336      725F7374 
 1336      616C6C53 
 1337              	.LASF40:
 1338 00ad 46616E43 		.ascii	"FanController_fanControl\000"
 1338      6F6E7472 
 1338      6F6C6C65 
 1338      725F6661 
 1338      6E436F6E 
 1339              	.LASF30:
 1340 00c6 70696445 		.ascii	"pidErrorZ0\000"
 1340      72726F72 
 1340      5A3000
 1341              	.LASF14:
 1342 00d1 666C6F61 		.ascii	"float\000"
 1342      7400
 1343              	.LASF39:
 1344 00d7 46616E43 		.ascii	"FanController_spdErrCount\000"
 1344      6F6E7472 
 1344      6F6C6C65 
 1344      725F7370 
 1344      64457272 
 1345              	.LASF1:
 1346 00f1 756E7369 		.ascii	"unsigned char\000"
 1346      676E6564 
 1346      20636861 
 1346      7200
 1347              	.LASF29:
 1348 00ff 46616E43 		.ascii	"FanController_PID_CONTROL_ISR\000"
 1348      6F6E7472 
 1348      6F6C6C65 
 1348      725F5049 
ARM GAS  C:\Users\Ade0n\AppData\Local\Temp\ccbVSGUB.s 			page 31


 1348      445F434F 
 1349              	.LASF24:
 1350 011d 70776D53 		.ascii	"pwmSetDutyReg\000"
 1350      65744475 
 1350      74795265 
 1350      6700
 1351              	.LASF12:
 1352 012b 696E7431 		.ascii	"int16\000"
 1352      3600
 1353              	.LASF5:
 1354 0131 6C6F6E67 		.ascii	"long unsigned int\000"
 1354      20756E73 
 1354      69676E65 
 1354      6420696E 
 1354      7400
 1355              	.LASF13:
 1356 0143 696E7433 		.ascii	"int32\000"
 1356      3200
 1357              	.LASF31:
 1358 0149 6E657743 		.ascii	"newCompare\000"
 1358      6F6D7061 
 1358      726500
 1359              	.LASF22:
 1360 0154 46616E43 		.ascii	"FanController_fanControlStruct\000"
 1360      6F6E7472 
 1360      6F6C6C65 
 1360      725F6661 
 1360      6E436F6E 
 1361              	.LASF42:
 1362 0173 46616E43 		.ascii	"FanController_pidA1\000"
 1362      6F6E7472 
 1362      6F6C6C65 
 1362      725F7069 
 1362      64413100 
 1363              	.LASF43:
 1364 0187 46616E43 		.ascii	"FanController_pidA2\000"
 1364      6F6E7472 
 1364      6F6C6C65 
 1364      725F7069 
 1364      64413200 
 1365              	.LASF44:
 1366 019b 46616E43 		.ascii	"FanController_pidA3\000"
 1366      6F6E7472 
 1366      6F6C6C65 
 1366      725F7069 
 1366      64413300 
 1367              	.LASF32:
 1368 01af 70657269 		.ascii	"periodError\000"
 1368      6F644572 
 1368      726F7200 
 1369              	.LASF16:
 1370 01bb 63686172 		.ascii	"char\000"
 1370      00
 1371              	.LASF15:
 1372 01c0 646F7562 		.ascii	"double\000"
 1372      6C6500
 1373              	.LASF38:
ARM GAS  C:\Users\Ade0n\AppData\Local\Temp\ccbVSGUB.s 			page 32


 1374 01c7 46616E43 		.ascii	"FanController_pidArea\000"
 1374      6F6E7472 
 1374      6F6C6C65 
 1374      725F7069 
 1374      64417265 
 1375              	.LASF2:
 1376 01dd 73686F72 		.ascii	"short int\000"
 1376      7420696E 
 1376      7400
 1377              	.LASF33:
 1378 01e7 63757272 		.ascii	"currActSpeed\000"
 1378      41637453 
 1378      70656564 
 1378      00
 1379              	.LASF10:
 1380 01f4 75696E74 		.ascii	"uint16\000"
 1380      313600
 1381              	.LASF11:
 1382 01fb 75696E74 		.ascii	"uint32\000"
 1382      333200
 1383              	.LASF47:
 1384 0202 46616E43 		.ascii	"FanController_speedStatus\000"
 1384      6F6E7472 
 1384      6F6C6C65 
 1384      725F7370 
 1384      65656453 
 1385              	.LASF54:
 1386 021c 46616E43 		.ascii	"FanController_pidOut\000"
 1386      6F6E7472 
 1386      6F6C6C65 
 1386      725F7069 
 1386      644F7574 
 1387              	.LASF8:
 1388 0231 756E7369 		.ascii	"unsigned int\000"
 1388      676E6564 
 1388      20696E74 
 1388      00
 1389              	.LASF28:
 1390 023e 46616E43 		.ascii	"FanController_DATA_SEND_ISR\000"
 1390      6F6E7472 
 1390      6F6C6C65 
 1390      725F4441 
 1390      54415F53 
 1391              	.LASF7:
 1392 025a 6C6F6E67 		.ascii	"long long unsigned int\000"
 1392      206C6F6E 
 1392      6720756E 
 1392      7369676E 
 1392      65642069 
 1393              	.LASF46:
 1394 0271 46616E43 		.ascii	"FanController_outputSatH\000"
 1394      6F6E7472 
 1394      6F6C6C65 
 1394      725F6F75 
 1394      74707574 
 1395              	.LASF27:
 1396 028a 61637453 		.ascii	"actSpeed\000"
ARM GAS  C:\Users\Ade0n\AppData\Local\Temp\ccbVSGUB.s 			page 33


 1396      70656564 
 1396      00
 1397              	.LASF45:
 1398 0293 46616E43 		.ascii	"FanController_outputSatL\000"
 1398      6F6E7472 
 1398      6F6C6C65 
 1398      725F6F75 
 1398      74707574 
 1399              	.LASF51:
 1400 02ac 474E5520 		.ascii	"GNU C11 5.4.1 20160609 (release) [ARM/embedded-5-br"
 1400      43313120 
 1400      352E342E 
 1400      31203230 
 1400      31363036 
 1401 02df 616E6368 		.ascii	"anch revision 237715] -mcpu=cortex-m0 -mthumb -g -O"
 1401      20726576 
 1401      6973696F 
 1401      6E203233 
 1401      37373135 
 1402 0312 67202D66 		.ascii	"g -ffunction-sections -ffat-lto-objects\000"
 1402      66756E63 
 1402      74696F6E 
 1402      2D736563 
 1402      74696F6E 
 1403              	.LASF41:
 1404 033a 46616E43 		.ascii	"FanController_desiredFansSpeed\000"
 1404      6F6E7472 
 1404      6F6C6C65 
 1404      725F6465 
 1404      73697265 
 1405              	.LASF21:
 1406 0359 73697A65 		.ascii	"sizetype\000"
 1406      74797065 
 1406      00
 1407              	.LASF36:
 1408 0362 46616E43 		.ascii	"FanController_pidErrorZ1\000"
 1408      6F6E7472 
 1408      6F6C6C65 
 1408      725F7069 
 1408      64457272 
 1409              	.LASF6:
 1410 037b 6C6F6E67 		.ascii	"long long int\000"
 1410      206C6F6E 
 1410      6720696E 
 1410      7400
 1411              	.LASF35:
 1412 0389 6D61736B 		.ascii	"mask\000"
 1412      00
 1413              	.LASF55:
 1414 038e 46616E43 		.ascii	"FanController_GetAlertMask\000"
 1414      6F6E7472 
 1414      6F6C6C65 
 1414      725F4765 
 1414      74416C65 
 1415              	.LASF34:
 1416 03a9 746D7043 		.ascii	"tmpCompare\000"
 1416      6F6D7061 
ARM GAS  C:\Users\Ade0n\AppData\Local\Temp\ccbVSGUB.s 			page 34


 1416      726500
 1417              	.LASF9:
 1418 03b4 75696E74 		.ascii	"uint8\000"
 1418      3800
 1419              	.LASF4:
 1420 03ba 6C6F6E67 		.ascii	"long int\000"
 1420      20696E74 
 1420      00
 1421              	.LASF37:
 1422 03c3 46616E43 		.ascii	"FanController_pidErrorZ2\000"
 1422      6F6E7472 
 1422      6F6C6C65 
 1422      725F7069 
 1422      64457272 
 1423              	.LASF23:
 1424 03dc 61637475 		.ascii	"actualPeriod\000"
 1424      616C5065 
 1424      72696F64 
 1424      00
 1425              	.LASF20:
 1426 03e9 6C6F6E67 		.ascii	"long double\000"
 1426      20646F75 
 1426      626C6500 
 1427              	.LASF52:
 1428 03f5 47656E65 		.ascii	"Generated_Source\\PSoC4\\FanController_INT.c\000"
 1428      72617465 
 1428      645F536F 
 1428      75726365 
 1428      5C50536F 
 1429              	.LASF0:
 1430 0420 7369676E 		.ascii	"signed char\000"
 1430      65642063 
 1430      68617200 
 1431              	.LASF25:
 1432 042c 46616E43 		.ascii	"FanController_fanDriverRegsStruct\000"
 1432      6F6E7472 
 1432      6F6C6C65 
 1432      725F6661 
 1432      6E447269 
 1433              		.ident	"GCC: (GNU Tools for ARM Embedded Processors) 5.4.1 20160609 (release) [ARM/embedded-5-bran
